run_tag=nc_gpu_20260722_e7f1759
git_commit=e7f175990b02aa3cbdb7c92250d57c0272abef9d
start_utc=2026-07-22T20:42:06Z
command=env PYTHONUNBUFFERED=1 /home/crl/miniconda3/envs/ad/bin/python -u scripts/export_support_loio_residuals.py --base-config configs/generated/mvtec_full/calib_subspace_head_mvtec_bottle_k1_seed0.yaml --dataset mvtec --classes bottle cable capsule carpet grid hazelnut leather metal_nut pill screw tile toothbrush transistor wood zipper --k-shots 1 2 4 8 --seeds 0 1 2 3 4 --rho 0.01 --out outputs/paper_tables/sc3r_loio_mvtec_nc_gpu_20260722_e7f1759.csv --resume 
support_loio_progress class=bottle k=1 seed=0
support_loio_progress class=bottle k=1 seed=1
support_loio_progress class=bottle k=1 seed=2
support_loio_progress class=bottle k=1 seed=3
support_loio_progress class=bottle k=1 seed=4
support_loio_progress class=bottle k=2 seed=0
support_loio_progress class=bottle k=2 seed=1
support_loio_progress class=bottle k=2 seed=2
support_loio_progress class=bottle k=2 seed=3
support_loio_progress class=bottle k=2 seed=4
support_loio_progress class=bottle k=4 seed=0
support_loio_progress class=bottle k=4 seed=1
support_loio_progress class=bottle k=4 seed=2
support_loio_progress class=bottle k=4 seed=3
support_loio_progress class=bottle k=4 seed=4
support_loio_progress class=bottle k=8 seed=0
support_loio_progress class=bottle k=8 seed=1
support_loio_progress class=bottle k=8 seed=2
support_loio_progress class=bottle k=8 seed=3
support_loio_progress class=bottle k=8 seed=4
support_loio_progress class=cable k=1 seed=0
support_loio_progress class=cable k=1 seed=1
support_loio_progress class=cable k=1 seed=2
support_loio_progress class=cable k=1 seed=3
support_loio_progress class=cable k=1 seed=4
support_loio_progress class=cable k=2 seed=0
support_loio_progress class=cable k=2 seed=1
support_loio_progress class=cable k=2 seed=2
support_loio_progress class=cable k=2 seed=3
support_loio_progress class=cable k=2 seed=4
support_loio_progress class=cable k=4 seed=0
support_loio_progress class=cable k=4 seed=1
support_loio_progress class=cable k=4 seed=2
support_loio_progress class=cable k=4 seed=3
support_loio_progress class=cable k=4 seed=4
support_loio_progress class=cable k=8 seed=0
support_loio_progress class=cable k=8 seed=1
support_loio_progress class=cable k=8 seed=2
support_loio_progress class=cable k=8 seed=3
support_loio_progress class=cable k=8 seed=4
support_loio_progress class=capsule k=1 seed=0
support_loio_progress class=capsule k=1 seed=1
support_loio_progress class=capsule k=1 seed=2
support_loio_progress class=capsule k=1 seed=3
support_loio_progress class=capsule k=1 seed=4
support_loio_progress class=capsule k=2 seed=0
support_loio_progress class=capsule k=2 seed=1
support_loio_progress class=capsule k=2 seed=2
support_loio_progress class=capsule k=2 seed=3
support_loio_progress class=capsule k=2 seed=4
support_loio_progress class=capsule k=4 seed=0
support_loio_progress class=capsule k=4 seed=1
support_loio_progress class=capsule k=4 seed=2
support_loio_progress class=capsule k=4 seed=3
support_loio_progress class=capsule k=4 seed=4
support_loio_progress class=capsule k=8 seed=0
support_loio_progress class=capsule k=8 seed=1
support_loio_progress class=capsule k=8 seed=2
support_loio_progress class=capsule k=8 seed=3
support_loio_progress class=capsule k=8 seed=4
support_loio_progress class=carpet k=1 seed=0
support_loio_progress class=carpet k=1 seed=1
support_loio_progress class=carpet k=1 seed=2
support_loio_progress class=carpet k=1 seed=3
support_loio_progress class=carpet k=1 seed=4
support_loio_progress class=carpet k=2 seed=0
support_loio_progress class=carpet k=2 seed=1
support_loio_progress class=carpet k=2 seed=2
support_loio_progress class=carpet k=2 seed=3
support_loio_progress class=carpet k=2 seed=4
support_loio_progress class=carpet k=4 seed=0
support_loio_progress class=carpet k=4 seed=1
support_loio_progress class=carpet k=4 seed=2
support_loio_progress class=carpet k=4 seed=3
support_loio_progress class=carpet k=4 seed=4
support_loio_progress class=carpet k=8 seed=0
support_loio_progress class=carpet k=8 seed=1
support_loio_progress class=carpet k=8 seed=2
support_loio_progress class=carpet k=8 seed=3
support_loio_progress class=carpet k=8 seed=4
support_loio_progress class=grid k=1 seed=0
support_loio_progress class=grid k=1 seed=1
support_loio_progress class=grid k=1 seed=2
support_loio_progress class=grid k=1 seed=3
support_loio_progress class=grid k=1 seed=4
support_loio_progress class=grid k=2 seed=0
support_loio_progress class=grid k=2 seed=1
support_loio_progress class=grid k=2 seed=2
support_loio_progress class=grid k=2 seed=3
support_loio_progress class=grid k=2 seed=4
support_loio_progress class=grid k=4 seed=0
support_loio_progress class=grid k=4 seed=1
support_loio_progress class=grid k=4 seed=2
support_loio_progress class=grid k=4 seed=3
support_loio_progress class=grid k=4 seed=4
support_loio_progress class=grid k=8 seed=0
support_loio_progress class=grid k=8 seed=1
support_loio_progress class=grid k=8 seed=2
support_loio_progress class=grid k=8 seed=3
support_loio_progress class=grid k=8 seed=4
support_loio_progress class=hazelnut k=1 seed=0
support_loio_progress class=hazelnut k=1 seed=1
support_loio_progress class=hazelnut k=1 seed=2
support_loio_progress class=hazelnut k=1 seed=3
support_loio_progress class=hazelnut k=1 seed=4
support_loio_progress class=hazelnut k=2 seed=0
support_loio_progress class=hazelnut k=2 seed=1
support_loio_progress class=hazelnut k=2 seed=2
support_loio_progress class=hazelnut k=2 seed=3
support_loio_progress class=hazelnut k=2 seed=4
support_loio_progress class=hazelnut k=4 seed=0
support_loio_progress class=hazelnut k=4 seed=1
support_loio_progress class=hazelnut k=4 seed=2
support_loio_progress class=hazelnut k=4 seed=3
support_loio_progress class=hazelnut k=4 seed=4
support_loio_progress class=hazelnut k=8 seed=0
support_loio_progress class=hazelnut k=8 seed=1
support_loio_progress class=hazelnut k=8 seed=2
support_loio_progress class=hazelnut k=8 seed=3
support_loio_progress class=hazelnut k=8 seed=4
support_loio_progress class=leather k=1 seed=0
support_loio_progress class=leather k=1 seed=1
support_loio_progress class=leather k=1 seed=2
support_loio_progress class=leather k=1 seed=3
support_loio_progress class=leather k=1 seed=4
support_loio_progress class=leather k=2 seed=0
support_loio_progress class=leather k=2 seed=1
support_loio_progress class=leather k=2 seed=2
support_loio_progress class=leather k=2 seed=3
support_loio_progress class=leather k=2 seed=4
support_loio_progress class=leather k=4 seed=0
support_loio_progress class=leather k=4 seed=1
support_loio_progress class=leather k=4 seed=2
support_loio_progress class=leather k=4 seed=3
support_loio_progress class=leather k=4 seed=4
support_loio_progress class=leather k=8 seed=0
support_loio_progress class=leather k=8 seed=1
support_loio_progress class=leather k=8 seed=2
support_loio_progress class=leather k=8 seed=3
support_loio_progress class=leather k=8 seed=4
support_loio_progress class=metal_nut k=1 seed=0
support_loio_progress class=metal_nut k=1 seed=1
support_loio_progress class=metal_nut k=1 seed=2
support_loio_progress class=metal_nut k=1 seed=3
support_loio_progress class=metal_nut k=1 seed=4
support_loio_progress class=metal_nut k=2 seed=0
support_loio_progress class=metal_nut k=2 seed=1
support_loio_progress class=metal_nut k=2 seed=2
support_loio_progress class=metal_nut k=2 seed=3
support_loio_progress class=metal_nut k=2 seed=4
support_loio_progress class=metal_nut k=4 seed=0
support_loio_progress class=metal_nut k=4 seed=1
support_loio_progress class=metal_nut k=4 seed=2
support_loio_progress class=metal_nut k=4 seed=3
support_loio_progress class=metal_nut k=4 seed=4
support_loio_progress class=metal_nut k=8 seed=0
support_loio_progress class=metal_nut k=8 seed=1
support_loio_progress class=metal_nut k=8 seed=2
support_loio_progress class=metal_nut k=8 seed=3
support_loio_progress class=metal_nut k=8 seed=4
support_loio_progress class=pill k=1 seed=0
support_loio_progress class=pill k=1 seed=1
support_loio_progress class=pill k=1 seed=2
support_loio_progress class=pill k=1 seed=3
support_loio_progress class=pill k=1 seed=4
support_loio_progress class=pill k=2 seed=0
support_loio_progress class=pill k=2 seed=1
support_loio_progress class=pill k=2 seed=2
support_loio_progress class=pill k=2 seed=3
support_loio_progress class=pill k=2 seed=4
support_loio_progress class=pill k=4 seed=0
support_loio_progress class=pill k=4 seed=1
support_loio_progress class=pill k=4 seed=2
support_loio_progress class=pill k=4 seed=3
support_loio_progress class=pill k=4 seed=4
support_loio_progress class=pill k=8 seed=0
support_loio_progress class=pill k=8 seed=1
support_loio_progress class=pill k=8 seed=2
support_loio_progress class=pill k=8 seed=3
support_loio_progress class=pill k=8 seed=4
support_loio_progress class=screw k=1 seed=0
support_loio_progress class=screw k=1 seed=1
support_loio_progress class=screw k=1 seed=2
support_loio_progress class=screw k=1 seed=3
support_loio_progress class=screw k=1 seed=4
support_loio_progress class=screw k=2 seed=0
support_loio_progress class=screw k=2 seed=1
support_loio_progress class=screw k=2 seed=2
support_loio_progress class=screw k=2 seed=3
support_loio_progress class=screw k=2 seed=4
support_loio_progress class=screw k=4 seed=0
support_loio_progress class=screw k=4 seed=1
support_loio_progress class=screw k=4 seed=2
support_loio_progress class=screw k=4 seed=3
support_loio_progress class=screw k=4 seed=4
support_loio_progress class=screw k=8 seed=0
support_loio_progress class=screw k=8 seed=1
support_loio_progress class=screw k=8 seed=2
support_loio_progress class=screw k=8 seed=3
support_loio_progress class=screw k=8 seed=4
support_loio_progress class=tile k=1 seed=0
support_loio_progress class=tile k=1 seed=1
support_loio_progress class=tile k=1 seed=2
support_loio_progress class=tile k=1 seed=3
support_loio_progress class=tile k=1 seed=4
support_loio_progress class=tile k=2 seed=0
support_loio_progress class=tile k=2 seed=1
support_loio_progress class=tile k=2 seed=2
support_loio_progress class=tile k=2 seed=3
support_loio_progress class=tile k=2 seed=4
support_loio_progress class=tile k=4 seed=0
support_loio_progress class=tile k=4 seed=1
support_loio_progress class=tile k=4 seed=2
support_loio_progress class=tile k=4 seed=3
support_loio_progress class=tile k=4 seed=4
support_loio_progress class=tile k=8 seed=0
support_loio_progress class=tile k=8 seed=1
support_loio_progress class=tile k=8 seed=2
support_loio_progress class=tile k=8 seed=3
support_loio_progress class=tile k=8 seed=4
support_loio_progress class=toothbrush k=1 seed=0
support_loio_progress class=toothbrush k=1 seed=1
support_loio_progress class=toothbrush k=1 seed=2
support_loio_progress class=toothbrush k=1 seed=3
support_loio_progress class=toothbrush k=1 seed=4
support_loio_progress class=toothbrush k=2 seed=0
support_loio_progress class=toothbrush k=2 seed=1
support_loio_progress class=toothbrush k=2 seed=2
support_loio_progress class=toothbrush k=2 seed=3
support_loio_progress class=toothbrush k=2 seed=4
support_loio_progress class=toothbrush k=4 seed=0
support_loio_progress class=toothbrush k=4 seed=1
support_loio_progress class=toothbrush k=4 seed=2
support_loio_progress class=toothbrush k=4 seed=3
support_loio_progress class=toothbrush k=4 seed=4
support_loio_progress class=toothbrush k=8 seed=0
support_loio_progress class=toothbrush k=8 seed=1
support_loio_progress class=toothbrush k=8 seed=2
support_loio_progress class=toothbrush k=8 seed=3
support_loio_progress class=toothbrush k=8 seed=4
support_loio_progress class=transistor k=1 seed=0
support_loio_progress class=transistor k=1 seed=1
support_loio_progress class=transistor k=1 seed=2
support_loio_progress class=transistor k=1 seed=3
support_loio_progress class=transistor k=1 seed=4
support_loio_progress class=transistor k=2 seed=0
support_loio_progress class=transistor k=2 seed=1
support_loio_progress class=transistor k=2 seed=2
support_loio_progress class=transistor k=2 seed=3
support_loio_progress class=transistor k=2 seed=4
support_loio_progress class=transistor k=4 seed=0
support_loio_progress class=transistor k=4 seed=1
support_loio_progress class=transistor k=4 seed=2
support_loio_progress class=transistor k=4 seed=3
support_loio_progress class=transistor k=4 seed=4
support_loio_progress class=transistor k=8 seed=0
support_loio_progress class=transistor k=8 seed=1
support_loio_progress class=transistor k=8 seed=2
support_loio_progress class=transistor k=8 seed=3
support_loio_progress class=transistor k=8 seed=4
support_loio_progress class=wood k=1 seed=0
support_loio_progress class=wood k=1 seed=1
support_loio_progress class=wood k=1 seed=2
support_loio_progress class=wood k=1 seed=3
support_loio_progress class=wood k=1 seed=4
support_loio_progress class=wood k=2 seed=0
support_loio_progress class=wood k=2 seed=1
support_loio_progress class=wood k=2 seed=2
support_loio_progress class=wood k=2 seed=3
support_loio_progress class=wood k=2 seed=4
support_loio_progress class=wood k=4 seed=0
support_loio_progress class=wood k=4 seed=1
support_loio_progress class=wood k=4 seed=2
support_loio_progress class=wood k=4 seed=3
support_loio_progress class=wood k=4 seed=4
support_loio_progress class=wood k=8 seed=0
support_loio_progress class=wood k=8 seed=1
support_loio_progress class=wood k=8 seed=2
support_loio_progress class=wood k=8 seed=3
support_loio_progress class=wood k=8 seed=4
support_loio_progress class=zipper k=1 seed=0
support_loio_progress class=zipper k=1 seed=1
support_loio_progress class=zipper k=1 seed=2
support_loio_progress class=zipper k=1 seed=3
support_loio_progress class=zipper k=1 seed=4
support_loio_progress class=zipper k=2 seed=0
support_loio_progress class=zipper k=2 seed=1
support_loio_progress class=zipper k=2 seed=2
support_loio_progress class=zipper k=2 seed=3
support_loio_progress class=zipper k=2 seed=4
support_loio_progress class=zipper k=4 seed=0
support_loio_progress class=zipper k=4 seed=1
support_loio_progress class=zipper k=4 seed=2
support_loio_progress class=zipper k=4 seed=3
support_loio_progress class=zipper k=4 seed=4
support_loio_progress class=zipper k=8 seed=0
support_loio_progress class=zipper k=8 seed=1
support_loio_progress class=zipper k=8 seed=2
support_loio_progress class=zipper k=8 seed=3
support_loio_progress class=zipper k=8 seed=4
end_utc=2026-07-22T20:44:01Z
exit_code=0
