run_tag=nc_gpu_20260722_e7f1759
git_commit=e7f175990b02aa3cbdb7c92250d57c0272abef9d
start_utc=2026-07-23T01:45:28Z
command=env PYTHONUNBUFFERED=1 /home/crl/miniconda3/envs/ad/bin/python -u scripts/export_support_loio_residuals.py --base-config configs/generated/visa_full/calib_subspace_head_visa_candle_k1_seed0.yaml --dataset visa --classes candle capsules cashew chewinggum fryum macaroni1 macaroni2 pcb1 pcb2 pcb3 pcb4 pipe_fryum --k-shots 1 2 4 8 --seeds 0 1 2 3 4 --rho 0.01 --out outputs/paper_tables/sc3r_loio_visa_nc_gpu_20260722_e7f1759.csv --resume 
support_loio_progress class=candle k=1 seed=0
support_loio_progress class=candle k=1 seed=1
support_loio_progress class=candle k=1 seed=2
support_loio_progress class=candle k=1 seed=3
support_loio_progress class=candle k=1 seed=4
support_loio_progress class=candle k=2 seed=0
support_loio_progress class=candle k=2 seed=1
support_loio_progress class=candle k=2 seed=2
support_loio_progress class=candle k=2 seed=3
support_loio_progress class=candle k=2 seed=4
support_loio_progress class=candle k=4 seed=0
support_loio_progress class=candle k=4 seed=1
support_loio_progress class=candle k=4 seed=2
support_loio_progress class=candle k=4 seed=3
support_loio_progress class=candle k=4 seed=4
support_loio_progress class=candle k=8 seed=0
support_loio_progress class=candle k=8 seed=1
support_loio_progress class=candle k=8 seed=2
support_loio_progress class=candle k=8 seed=3
support_loio_progress class=candle k=8 seed=4
support_loio_progress class=capsules k=1 seed=0
support_loio_progress class=capsules k=1 seed=1
support_loio_progress class=capsules k=1 seed=2
support_loio_progress class=capsules k=1 seed=3
support_loio_progress class=capsules k=1 seed=4
support_loio_progress class=capsules k=2 seed=0
support_loio_progress class=capsules k=2 seed=1
support_loio_progress class=capsules k=2 seed=2
support_loio_progress class=capsules k=2 seed=3
support_loio_progress class=capsules k=2 seed=4
support_loio_progress class=capsules k=4 seed=0
support_loio_progress class=capsules k=4 seed=1
support_loio_progress class=capsules k=4 seed=2
support_loio_progress class=capsules k=4 seed=3
support_loio_progress class=capsules k=4 seed=4
support_loio_progress class=capsules k=8 seed=0
support_loio_progress class=capsules k=8 seed=1
support_loio_progress class=capsules k=8 seed=2
support_loio_progress class=capsules k=8 seed=3
support_loio_progress class=capsules k=8 seed=4
support_loio_progress class=cashew k=1 seed=0
support_loio_progress class=cashew k=1 seed=1
support_loio_progress class=cashew k=1 seed=2
support_loio_progress class=cashew k=1 seed=3
support_loio_progress class=cashew k=1 seed=4
support_loio_progress class=cashew k=2 seed=0
support_loio_progress class=cashew k=2 seed=1
support_loio_progress class=cashew k=2 seed=2
support_loio_progress class=cashew k=2 seed=3
support_loio_progress class=cashew k=2 seed=4
support_loio_progress class=cashew k=4 seed=0
support_loio_progress class=cashew k=4 seed=1
support_loio_progress class=cashew k=4 seed=2
support_loio_progress class=cashew k=4 seed=3
support_loio_progress class=cashew k=4 seed=4
support_loio_progress class=cashew k=8 seed=0
support_loio_progress class=cashew k=8 seed=1
support_loio_progress class=cashew k=8 seed=2
support_loio_progress class=cashew k=8 seed=3
support_loio_progress class=cashew k=8 seed=4
support_loio_progress class=chewinggum k=1 seed=0
support_loio_progress class=chewinggum k=1 seed=1
support_loio_progress class=chewinggum k=1 seed=2
support_loio_progress class=chewinggum k=1 seed=3
support_loio_progress class=chewinggum k=1 seed=4
support_loio_progress class=chewinggum k=2 seed=0
support_loio_progress class=chewinggum k=2 seed=1
support_loio_progress class=chewinggum k=2 seed=2
support_loio_progress class=chewinggum k=2 seed=3
support_loio_progress class=chewinggum k=2 seed=4
support_loio_progress class=chewinggum k=4 seed=0
support_loio_progress class=chewinggum k=4 seed=1
support_loio_progress class=chewinggum k=4 seed=2
support_loio_progress class=chewinggum k=4 seed=3
support_loio_progress class=chewinggum k=4 seed=4
support_loio_progress class=chewinggum k=8 seed=0
support_loio_progress class=chewinggum k=8 seed=1
support_loio_progress class=chewinggum k=8 seed=2
support_loio_progress class=chewinggum k=8 seed=3
support_loio_progress class=chewinggum k=8 seed=4
support_loio_progress class=fryum k=1 seed=0
support_loio_progress class=fryum k=1 seed=1
support_loio_progress class=fryum k=1 seed=2
support_loio_progress class=fryum k=1 seed=3
support_loio_progress class=fryum k=1 seed=4
support_loio_progress class=fryum k=2 seed=0
support_loio_progress class=fryum k=2 seed=1
support_loio_progress class=fryum k=2 seed=2
support_loio_progress class=fryum k=2 seed=3
support_loio_progress class=fryum k=2 seed=4
support_loio_progress class=fryum k=4 seed=0
support_loio_progress class=fryum k=4 seed=1
support_loio_progress class=fryum k=4 seed=2
support_loio_progress class=fryum k=4 seed=3
support_loio_progress class=fryum k=4 seed=4
support_loio_progress class=fryum k=8 seed=0
support_loio_progress class=fryum k=8 seed=1
support_loio_progress class=fryum k=8 seed=2
support_loio_progress class=fryum k=8 seed=3
support_loio_progress class=fryum k=8 seed=4
support_loio_progress class=macaroni1 k=1 seed=0
support_loio_progress class=macaroni1 k=1 seed=1
support_loio_progress class=macaroni1 k=1 seed=2
support_loio_progress class=macaroni1 k=1 seed=3
support_loio_progress class=macaroni1 k=1 seed=4
support_loio_progress class=macaroni1 k=2 seed=0
support_loio_progress class=macaroni1 k=2 seed=1
support_loio_progress class=macaroni1 k=2 seed=2
support_loio_progress class=macaroni1 k=2 seed=3
support_loio_progress class=macaroni1 k=2 seed=4
support_loio_progress class=macaroni1 k=4 seed=0
support_loio_progress class=macaroni1 k=4 seed=1
support_loio_progress class=macaroni1 k=4 seed=2
support_loio_progress class=macaroni1 k=4 seed=3
support_loio_progress class=macaroni1 k=4 seed=4
support_loio_progress class=macaroni1 k=8 seed=0
support_loio_progress class=macaroni1 k=8 seed=1
support_loio_progress class=macaroni1 k=8 seed=2
support_loio_progress class=macaroni1 k=8 seed=3
support_loio_progress class=macaroni1 k=8 seed=4
support_loio_progress class=macaroni2 k=1 seed=0
support_loio_progress class=macaroni2 k=1 seed=1
support_loio_progress class=macaroni2 k=1 seed=2
support_loio_progress class=macaroni2 k=1 seed=3
support_loio_progress class=macaroni2 k=1 seed=4
support_loio_progress class=macaroni2 k=2 seed=0
support_loio_progress class=macaroni2 k=2 seed=1
support_loio_progress class=macaroni2 k=2 seed=2
support_loio_progress class=macaroni2 k=2 seed=3
support_loio_progress class=macaroni2 k=2 seed=4
support_loio_progress class=macaroni2 k=4 seed=0
support_loio_progress class=macaroni2 k=4 seed=1
support_loio_progress class=macaroni2 k=4 seed=2
support_loio_progress class=macaroni2 k=4 seed=3
support_loio_progress class=macaroni2 k=4 seed=4
support_loio_progress class=macaroni2 k=8 seed=0
support_loio_progress class=macaroni2 k=8 seed=1
support_loio_progress class=macaroni2 k=8 seed=2
support_loio_progress class=macaroni2 k=8 seed=3
support_loio_progress class=macaroni2 k=8 seed=4
support_loio_progress class=pcb1 k=1 seed=0
support_loio_progress class=pcb1 k=1 seed=1
support_loio_progress class=pcb1 k=1 seed=2
support_loio_progress class=pcb1 k=1 seed=3
support_loio_progress class=pcb1 k=1 seed=4
support_loio_progress class=pcb1 k=2 seed=0
support_loio_progress class=pcb1 k=2 seed=1
support_loio_progress class=pcb1 k=2 seed=2
support_loio_progress class=pcb1 k=2 seed=3
support_loio_progress class=pcb1 k=2 seed=4
support_loio_progress class=pcb1 k=4 seed=0
support_loio_progress class=pcb1 k=4 seed=1
support_loio_progress class=pcb1 k=4 seed=2
support_loio_progress class=pcb1 k=4 seed=3
support_loio_progress class=pcb1 k=4 seed=4
support_loio_progress class=pcb1 k=8 seed=0
support_loio_progress class=pcb1 k=8 seed=1
support_loio_progress class=pcb1 k=8 seed=2
support_loio_progress class=pcb1 k=8 seed=3
support_loio_progress class=pcb1 k=8 seed=4
support_loio_progress class=pcb2 k=1 seed=0
support_loio_progress class=pcb2 k=1 seed=1
support_loio_progress class=pcb2 k=1 seed=2
support_loio_progress class=pcb2 k=1 seed=3
support_loio_progress class=pcb2 k=1 seed=4
support_loio_progress class=pcb2 k=2 seed=0
support_loio_progress class=pcb2 k=2 seed=1
support_loio_progress class=pcb2 k=2 seed=2
support_loio_progress class=pcb2 k=2 seed=3
support_loio_progress class=pcb2 k=2 seed=4
support_loio_progress class=pcb2 k=4 seed=0
support_loio_progress class=pcb2 k=4 seed=1
support_loio_progress class=pcb2 k=4 seed=2
support_loio_progress class=pcb2 k=4 seed=3
support_loio_progress class=pcb2 k=4 seed=4
support_loio_progress class=pcb2 k=8 seed=0
support_loio_progress class=pcb2 k=8 seed=1
support_loio_progress class=pcb2 k=8 seed=2
support_loio_progress class=pcb2 k=8 seed=3
support_loio_progress class=pcb2 k=8 seed=4
support_loio_progress class=pcb3 k=1 seed=0
support_loio_progress class=pcb3 k=1 seed=1
support_loio_progress class=pcb3 k=1 seed=2
support_loio_progress class=pcb3 k=1 seed=3
support_loio_progress class=pcb3 k=1 seed=4
support_loio_progress class=pcb3 k=2 seed=0
support_loio_progress class=pcb3 k=2 seed=1
support_loio_progress class=pcb3 k=2 seed=2
support_loio_progress class=pcb3 k=2 seed=3
support_loio_progress class=pcb3 k=2 seed=4
support_loio_progress class=pcb3 k=4 seed=0
support_loio_progress class=pcb3 k=4 seed=1
support_loio_progress class=pcb3 k=4 seed=2
support_loio_progress class=pcb3 k=4 seed=3
support_loio_progress class=pcb3 k=4 seed=4
support_loio_progress class=pcb3 k=8 seed=0
support_loio_progress class=pcb3 k=8 seed=1
support_loio_progress class=pcb3 k=8 seed=2
support_loio_progress class=pcb3 k=8 seed=3
support_loio_progress class=pcb3 k=8 seed=4
support_loio_progress class=pcb4 k=1 seed=0
support_loio_progress class=pcb4 k=1 seed=1
support_loio_progress class=pcb4 k=1 seed=2
support_loio_progress class=pcb4 k=1 seed=3
support_loio_progress class=pcb4 k=1 seed=4
support_loio_progress class=pcb4 k=2 seed=0
support_loio_progress class=pcb4 k=2 seed=1
support_loio_progress class=pcb4 k=2 seed=2
support_loio_progress class=pcb4 k=2 seed=3
support_loio_progress class=pcb4 k=2 seed=4
support_loio_progress class=pcb4 k=4 seed=0
support_loio_progress class=pcb4 k=4 seed=1
support_loio_progress class=pcb4 k=4 seed=2
support_loio_progress class=pcb4 k=4 seed=3
support_loio_progress class=pcb4 k=4 seed=4
support_loio_progress class=pcb4 k=8 seed=0
support_loio_progress class=pcb4 k=8 seed=1
support_loio_progress class=pcb4 k=8 seed=2
support_loio_progress class=pcb4 k=8 seed=3
support_loio_progress class=pcb4 k=8 seed=4
support_loio_progress class=pipe_fryum k=1 seed=0
support_loio_progress class=pipe_fryum k=1 seed=1
support_loio_progress class=pipe_fryum k=1 seed=2
support_loio_progress class=pipe_fryum k=1 seed=3
support_loio_progress class=pipe_fryum k=1 seed=4
support_loio_progress class=pipe_fryum k=2 seed=0
support_loio_progress class=pipe_fryum k=2 seed=1
support_loio_progress class=pipe_fryum k=2 seed=2
support_loio_progress class=pipe_fryum k=2 seed=3
support_loio_progress class=pipe_fryum k=2 seed=4
support_loio_progress class=pipe_fryum k=4 seed=0
support_loio_progress class=pipe_fryum k=4 seed=1
support_loio_progress class=pipe_fryum k=4 seed=2
support_loio_progress class=pipe_fryum k=4 seed=3
support_loio_progress class=pipe_fryum k=4 seed=4
support_loio_progress class=pipe_fryum k=8 seed=0
support_loio_progress class=pipe_fryum k=8 seed=1
support_loio_progress class=pipe_fryum k=8 seed=2
support_loio_progress class=pipe_fryum k=8 seed=3
support_loio_progress class=pipe_fryum k=8 seed=4
end_utc=2026-07-23T01:47:05Z
exit_code=0
