run_tag=nc_gpu_20260722_e7f1759
git_commit=e7f175990b02aa3cbdb7c92250d57c0272abef9d
start_utc=2026-07-23T04:50:07Z
command=env PYTHONUNBUFFERED=1 OPENBLAS_NUM_THREADS=8 OMP_NUM_THREADS=8 MKL_NUM_THREADS=8 taskset -c 8-15\,24-31 /home/crl/miniconda3/envs/ad/bin/python -u scripts/export_matched_loio_views.py --base-config configs/generated/mvtec_full/calib_subspace_head_mvtec_bottle_k1_seed0.yaml --dataset mvtec --classes bottle cable capsule carpet grid hazelnut leather metal_nut pill screw tile toothbrush transistor wood zipper --k-shots 4 8 --seeds 0 1 2 3 4 --corruptions clean gaussian_noise blur brightness_contrast jpeg --max-images 120 --tmp-root /home/crl/MoME/other/AD/tmp/ad-neurocomputing/corruptions --out-dir outputs/paper_tables --run-tag mvtec_nc_gpu_20260722_e7f1759 --rho 0.01 --resume 
matched_loio_progress=180/750 dataset=mvtec class=carpet k=8 seed=0 corruption=jpeg
matched_loio_progress=181/750 dataset=mvtec class=carpet k=8 seed=1 corruption=clean
matched_loio_progress=182/750 dataset=mvtec class=carpet k=8 seed=1 corruption=gaussian_noise
matched_loio_progress=183/750 dataset=mvtec class=carpet k=8 seed=1 corruption=blur
matched_loio_progress=184/750 dataset=mvtec class=carpet k=8 seed=1 corruption=brightness_contrast
matched_loio_progress=185/750 dataset=mvtec class=carpet k=8 seed=1 corruption=jpeg
matched_loio_progress=186/750 dataset=mvtec class=carpet k=8 seed=2 corruption=clean
matched_loio_progress=187/750 dataset=mvtec class=carpet k=8 seed=2 corruption=gaussian_noise
matched_loio_progress=188/750 dataset=mvtec class=carpet k=8 seed=2 corruption=blur
matched_loio_progress=189/750 dataset=mvtec class=carpet k=8 seed=2 corruption=brightness_contrast
matched_loio_progress=190/750 dataset=mvtec class=carpet k=8 seed=2 corruption=jpeg
matched_loio_progress=191/750 dataset=mvtec class=carpet k=8 seed=3 corruption=clean
matched_loio_progress=192/750 dataset=mvtec class=carpet k=8 seed=3 corruption=gaussian_noise
matched_loio_progress=193/750 dataset=mvtec class=carpet k=8 seed=3 corruption=blur
matched_loio_progress=194/750 dataset=mvtec class=carpet k=8 seed=3 corruption=brightness_contrast
matched_loio_progress=195/750 dataset=mvtec class=carpet k=8 seed=3 corruption=jpeg
matched_loio_progress=196/750 dataset=mvtec class=carpet k=8 seed=4 corruption=clean
matched_loio_progress=197/750 dataset=mvtec class=carpet k=8 seed=4 corruption=gaussian_noise
matched_loio_progress=198/750 dataset=mvtec class=carpet k=8 seed=4 corruption=blur
matched_loio_progress=199/750 dataset=mvtec class=carpet k=8 seed=4 corruption=brightness_contrast
matched_loio_progress=200/750 dataset=mvtec class=carpet k=8 seed=4 corruption=jpeg
/home/crl/.cache/torch/hub/facebookresearch_dinov2_main/dinov2/layers/swiglu_ffn.py:51: UserWarning: xFormers is not available (SwiGLU)
  warnings.warn("xFormers is not available (SwiGLU)")
/home/crl/.cache/torch/hub/facebookresearch_dinov2_main/dinov2/layers/attention.py:33: UserWarning: xFormers is not available (Attention)
  warnings.warn("xFormers is not available (Attention)")
/home/crl/.cache/torch/hub/facebookresearch_dinov2_main/dinov2/layers/block.py:40: UserWarning: xFormers is not available (Block)
  warnings.warn("xFormers is not available (Block)")
matched_loio_progress=201/750 dataset=mvtec class=grid k=4 seed=0 corruption=clean
matched_loio_progress=202/750 dataset=mvtec class=grid k=4 seed=0 corruption=gaussian_noise
matched_loio_progress=203/750 dataset=mvtec class=grid k=4 seed=0 corruption=blur
matched_loio_progress=204/750 dataset=mvtec class=grid k=4 seed=0 corruption=brightness_contrast
matched_loio_progress=205/750 dataset=mvtec class=grid k=4 seed=0 corruption=jpeg
matched_loio_progress=206/750 dataset=mvtec class=grid k=4 seed=1 corruption=clean
matched_loio_progress=207/750 dataset=mvtec class=grid k=4 seed=1 corruption=gaussian_noise
matched_loio_progress=208/750 dataset=mvtec class=grid k=4 seed=1 corruption=blur
matched_loio_progress=209/750 dataset=mvtec class=grid k=4 seed=1 corruption=brightness_contrast
matched_loio_progress=210/750 dataset=mvtec class=grid k=4 seed=1 corruption=jpeg
matched_loio_progress=211/750 dataset=mvtec class=grid k=4 seed=2 corruption=clean
matched_loio_progress=212/750 dataset=mvtec class=grid k=4 seed=2 corruption=gaussian_noise
matched_loio_progress=213/750 dataset=mvtec class=grid k=4 seed=2 corruption=blur
matched_loio_progress=214/750 dataset=mvtec class=grid k=4 seed=2 corruption=brightness_contrast
matched_loio_progress=215/750 dataset=mvtec class=grid k=4 seed=2 corruption=jpeg
matched_loio_progress=216/750 dataset=mvtec class=grid k=4 seed=3 corruption=clean
matched_loio_progress=217/750 dataset=mvtec class=grid k=4 seed=3 corruption=gaussian_noise
matched_loio_progress=218/750 dataset=mvtec class=grid k=4 seed=3 corruption=blur
matched_loio_progress=219/750 dataset=mvtec class=grid k=4 seed=3 corruption=brightness_contrast
matched_loio_progress=220/750 dataset=mvtec class=grid k=4 seed=3 corruption=jpeg
matched_loio_progress=221/750 dataset=mvtec class=grid k=4 seed=4 corruption=clean
matched_loio_progress=222/750 dataset=mvtec class=grid k=4 seed=4 corruption=gaussian_noise
matched_loio_progress=223/750 dataset=mvtec class=grid k=4 seed=4 corruption=blur
matched_loio_progress=224/750 dataset=mvtec class=grid k=4 seed=4 corruption=brightness_contrast
matched_loio_progress=225/750 dataset=mvtec class=grid k=4 seed=4 corruption=jpeg
matched_loio_progress=226/750 dataset=mvtec class=grid k=8 seed=0 corruption=clean
matched_loio_progress=227/750 dataset=mvtec class=grid k=8 seed=0 corruption=gaussian_noise
matched_loio_progress=228/750 dataset=mvtec class=grid k=8 seed=0 corruption=blur
matched_loio_progress=229/750 dataset=mvtec class=grid k=8 seed=0 corruption=brightness_contrast
matched_loio_progress=230/750 dataset=mvtec class=grid k=8 seed=0 corruption=jpeg
matched_loio_progress=231/750 dataset=mvtec class=grid k=8 seed=1 corruption=clean
matched_loio_progress=232/750 dataset=mvtec class=grid k=8 seed=1 corruption=gaussian_noise
matched_loio_progress=233/750 dataset=mvtec class=grid k=8 seed=1 corruption=blur
matched_loio_progress=234/750 dataset=mvtec class=grid k=8 seed=1 corruption=brightness_contrast
matched_loio_progress=235/750 dataset=mvtec class=grid k=8 seed=1 corruption=jpeg
matched_loio_progress=236/750 dataset=mvtec class=grid k=8 seed=2 corruption=clean
matched_loio_progress=237/750 dataset=mvtec class=grid k=8 seed=2 corruption=gaussian_noise
matched_loio_progress=238/750 dataset=mvtec class=grid k=8 seed=2 corruption=blur
matched_loio_progress=239/750 dataset=mvtec class=grid k=8 seed=2 corruption=brightness_contrast
matched_loio_progress=240/750 dataset=mvtec class=grid k=8 seed=2 corruption=jpeg
matched_loio_progress=241/750 dataset=mvtec class=grid k=8 seed=3 corruption=clean
matched_loio_progress=242/750 dataset=mvtec class=grid k=8 seed=3 corruption=gaussian_noise
matched_loio_progress=243/750 dataset=mvtec class=grid k=8 seed=3 corruption=blur
matched_loio_progress=244/750 dataset=mvtec class=grid k=8 seed=3 corruption=brightness_contrast
matched_loio_progress=245/750 dataset=mvtec class=grid k=8 seed=3 corruption=jpeg
matched_loio_progress=246/750 dataset=mvtec class=grid k=8 seed=4 corruption=clean
matched_loio_progress=247/750 dataset=mvtec class=grid k=8 seed=4 corruption=gaussian_noise
matched_loio_progress=248/750 dataset=mvtec class=grid k=8 seed=4 corruption=blur
matched_loio_progress=249/750 dataset=mvtec class=grid k=8 seed=4 corruption=brightness_contrast
matched_loio_progress=250/750 dataset=mvtec class=grid k=8 seed=4 corruption=jpeg
matched_loio_progress=251/750 dataset=mvtec class=hazelnut k=4 seed=0 corruption=clean
matched_loio_progress=252/750 dataset=mvtec class=hazelnut k=4 seed=0 corruption=gaussian_noise
matched_loio_progress=253/750 dataset=mvtec class=hazelnut k=4 seed=0 corruption=blur
matched_loio_progress=254/750 dataset=mvtec class=hazelnut k=4 seed=0 corruption=brightness_contrast
matched_loio_progress=255/750 dataset=mvtec class=hazelnut k=4 seed=0 corruption=jpeg
matched_loio_progress=256/750 dataset=mvtec class=hazelnut k=4 seed=1 corruption=clean
matched_loio_progress=257/750 dataset=mvtec class=hazelnut k=4 seed=1 corruption=gaussian_noise
matched_loio_progress=258/750 dataset=mvtec class=hazelnut k=4 seed=1 corruption=blur
matched_loio_progress=259/750 dataset=mvtec class=hazelnut k=4 seed=1 corruption=brightness_contrast
matched_loio_progress=260/750 dataset=mvtec class=hazelnut k=4 seed=1 corruption=jpeg
matched_loio_progress=261/750 dataset=mvtec class=hazelnut k=4 seed=2 corruption=clean
matched_loio_progress=262/750 dataset=mvtec class=hazelnut k=4 seed=2 corruption=gaussian_noise
matched_loio_progress=263/750 dataset=mvtec class=hazelnut k=4 seed=2 corruption=blur
matched_loio_progress=264/750 dataset=mvtec class=hazelnut k=4 seed=2 corruption=brightness_contrast
matched_loio_progress=265/750 dataset=mvtec class=hazelnut k=4 seed=2 corruption=jpeg
matched_loio_progress=266/750 dataset=mvtec class=hazelnut k=4 seed=3 corruption=clean
matched_loio_progress=267/750 dataset=mvtec class=hazelnut k=4 seed=3 corruption=gaussian_noise
matched_loio_progress=268/750 dataset=mvtec class=hazelnut k=4 seed=3 corruption=blur
matched_loio_progress=269/750 dataset=mvtec class=hazelnut k=4 seed=3 corruption=brightness_contrast
matched_loio_progress=270/750 dataset=mvtec class=hazelnut k=4 seed=3 corruption=jpeg
matched_loio_progress=271/750 dataset=mvtec class=hazelnut k=4 seed=4 corruption=clean
matched_loio_progress=272/750 dataset=mvtec class=hazelnut k=4 seed=4 corruption=gaussian_noise
matched_loio_progress=273/750 dataset=mvtec class=hazelnut k=4 seed=4 corruption=blur
matched_loio_progress=274/750 dataset=mvtec class=hazelnut k=4 seed=4 corruption=brightness_contrast
matched_loio_progress=275/750 dataset=mvtec class=hazelnut k=4 seed=4 corruption=jpeg
matched_loio_progress=276/750 dataset=mvtec class=hazelnut k=8 seed=0 corruption=clean
matched_loio_progress=277/750 dataset=mvtec class=hazelnut k=8 seed=0 corruption=gaussian_noise
matched_loio_progress=278/750 dataset=mvtec class=hazelnut k=8 seed=0 corruption=blur
matched_loio_progress=279/750 dataset=mvtec class=hazelnut k=8 seed=0 corruption=brightness_contrast
matched_loio_progress=280/750 dataset=mvtec class=hazelnut k=8 seed=0 corruption=jpeg
matched_loio_progress=281/750 dataset=mvtec class=hazelnut k=8 seed=1 corruption=clean
matched_loio_progress=282/750 dataset=mvtec class=hazelnut k=8 seed=1 corruption=gaussian_noise
matched_loio_progress=283/750 dataset=mvtec class=hazelnut k=8 seed=1 corruption=blur
matched_loio_progress=284/750 dataset=mvtec class=hazelnut k=8 seed=1 corruption=brightness_contrast
matched_loio_progress=285/750 dataset=mvtec class=hazelnut k=8 seed=1 corruption=jpeg
matched_loio_progress=286/750 dataset=mvtec class=hazelnut k=8 seed=2 corruption=clean
matched_loio_progress=287/750 dataset=mvtec class=hazelnut k=8 seed=2 corruption=gaussian_noise
matched_loio_progress=288/750 dataset=mvtec class=hazelnut k=8 seed=2 corruption=blur
matched_loio_progress=289/750 dataset=mvtec class=hazelnut k=8 seed=2 corruption=brightness_contrast
matched_loio_progress=290/750 dataset=mvtec class=hazelnut k=8 seed=2 corruption=jpeg
matched_loio_progress=291/750 dataset=mvtec class=hazelnut k=8 seed=3 corruption=clean
matched_loio_progress=292/750 dataset=mvtec class=hazelnut k=8 seed=3 corruption=gaussian_noise
matched_loio_progress=293/750 dataset=mvtec class=hazelnut k=8 seed=3 corruption=blur
matched_loio_progress=294/750 dataset=mvtec class=hazelnut k=8 seed=3 corruption=brightness_contrast
matched_loio_progress=295/750 dataset=mvtec class=hazelnut k=8 seed=3 corruption=jpeg
matched_loio_progress=296/750 dataset=mvtec class=hazelnut k=8 seed=4 corruption=clean
matched_loio_progress=297/750 dataset=mvtec class=hazelnut k=8 seed=4 corruption=gaussian_noise
matched_loio_progress=298/750 dataset=mvtec class=hazelnut k=8 seed=4 corruption=blur
matched_loio_progress=299/750 dataset=mvtec class=hazelnut k=8 seed=4 corruption=brightness_contrast
matched_loio_progress=300/750 dataset=mvtec class=hazelnut k=8 seed=4 corruption=jpeg
matched_loio_progress=301/750 dataset=mvtec class=leather k=4 seed=0 corruption=clean
matched_loio_progress=302/750 dataset=mvtec class=leather k=4 seed=0 corruption=gaussian_noise
matched_loio_progress=303/750 dataset=mvtec class=leather k=4 seed=0 corruption=blur
matched_loio_progress=304/750 dataset=mvtec class=leather k=4 seed=0 corruption=brightness_contrast
matched_loio_progress=305/750 dataset=mvtec class=leather k=4 seed=0 corruption=jpeg
matched_loio_progress=306/750 dataset=mvtec class=leather k=4 seed=1 corruption=clean
matched_loio_progress=307/750 dataset=mvtec class=leather k=4 seed=1 corruption=gaussian_noise
matched_loio_progress=308/750 dataset=mvtec class=leather k=4 seed=1 corruption=blur
matched_loio_progress=309/750 dataset=mvtec class=leather k=4 seed=1 corruption=brightness_contrast
matched_loio_progress=310/750 dataset=mvtec class=leather k=4 seed=1 corruption=jpeg
matched_loio_progress=311/750 dataset=mvtec class=leather k=4 seed=2 corruption=clean
matched_loio_progress=312/750 dataset=mvtec class=leather k=4 seed=2 corruption=gaussian_noise
end_utc=2026-07-23T05:20:35Z
exit_code=143
