run_tag=nc_gpu_20260722_e7f1759
git_commit=e7f175990b02aa3cbdb7c92250d57c0272abef9d
start_utc=2026-07-23T04:50:07Z
command=env PYTHONUNBUFFERED=1 OPENBLAS_NUM_THREADS=8 OMP_NUM_THREADS=8 MKL_NUM_THREADS=8 taskset -c 0-7\,16-23 /home/crl/miniconda3/envs/ad/bin/python -u scripts/export_matched_loio_views.py --base-config configs/generated/visa_full/calib_subspace_head_visa_candle_k1_seed0.yaml --dataset visa --classes candle capsules cashew chewinggum fryum macaroni1 macaroni2 pcb1 pcb2 pcb3 pcb4 pipe_fryum --k-shots 4 8 --seeds 0 1 2 3 4 --corruptions clean gaussian_noise blur brightness_contrast jpeg --max-images 120 --tmp-root /home/crl/MoME/other/AD/tmp/ad-neurocomputing/corruptions --out-dir outputs/paper_tables --run-tag visa_nc_gpu_20260722_e7f1759 --rho 0.01 --resume 
matched_loio_progress=338/600 dataset=visa class=macaroni2 k=8 seed=2 corruption=blur
matched_loio_progress=339/600 dataset=visa class=macaroni2 k=8 seed=2 corruption=brightness_contrast
matched_loio_progress=340/600 dataset=visa class=macaroni2 k=8 seed=2 corruption=jpeg
matched_loio_progress=341/600 dataset=visa class=macaroni2 k=8 seed=3 corruption=clean
matched_loio_progress=342/600 dataset=visa class=macaroni2 k=8 seed=3 corruption=gaussian_noise
matched_loio_progress=343/600 dataset=visa class=macaroni2 k=8 seed=3 corruption=blur
matched_loio_progress=344/600 dataset=visa class=macaroni2 k=8 seed=3 corruption=brightness_contrast
matched_loio_progress=345/600 dataset=visa class=macaroni2 k=8 seed=3 corruption=jpeg
matched_loio_progress=346/600 dataset=visa class=macaroni2 k=8 seed=4 corruption=clean
matched_loio_progress=347/600 dataset=visa class=macaroni2 k=8 seed=4 corruption=gaussian_noise
matched_loio_progress=348/600 dataset=visa class=macaroni2 k=8 seed=4 corruption=blur
matched_loio_progress=349/600 dataset=visa class=macaroni2 k=8 seed=4 corruption=brightness_contrast
matched_loio_progress=350/600 dataset=visa class=macaroni2 k=8 seed=4 corruption=jpeg
/home/crl/.cache/torch/hub/facebookresearch_dinov2_main/dinov2/layers/swiglu_ffn.py:51: UserWarning: xFormers is not available (SwiGLU)
  warnings.warn("xFormers is not available (SwiGLU)")
/home/crl/.cache/torch/hub/facebookresearch_dinov2_main/dinov2/layers/attention.py:33: UserWarning: xFormers is not available (Attention)
  warnings.warn("xFormers is not available (Attention)")
/home/crl/.cache/torch/hub/facebookresearch_dinov2_main/dinov2/layers/block.py:40: UserWarning: xFormers is not available (Block)
  warnings.warn("xFormers is not available (Block)")
matched_loio_progress=351/600 dataset=visa class=pcb1 k=4 seed=0 corruption=clean
matched_loio_progress=352/600 dataset=visa class=pcb1 k=4 seed=0 corruption=gaussian_noise
matched_loio_progress=353/600 dataset=visa class=pcb1 k=4 seed=0 corruption=blur
matched_loio_progress=354/600 dataset=visa class=pcb1 k=4 seed=0 corruption=brightness_contrast
matched_loio_progress=355/600 dataset=visa class=pcb1 k=4 seed=0 corruption=jpeg
matched_loio_progress=356/600 dataset=visa class=pcb1 k=4 seed=1 corruption=clean
matched_loio_progress=357/600 dataset=visa class=pcb1 k=4 seed=1 corruption=gaussian_noise
matched_loio_progress=358/600 dataset=visa class=pcb1 k=4 seed=1 corruption=blur
matched_loio_progress=359/600 dataset=visa class=pcb1 k=4 seed=1 corruption=brightness_contrast
matched_loio_progress=360/600 dataset=visa class=pcb1 k=4 seed=1 corruption=jpeg
matched_loio_progress=361/600 dataset=visa class=pcb1 k=4 seed=2 corruption=clean
matched_loio_progress=362/600 dataset=visa class=pcb1 k=4 seed=2 corruption=gaussian_noise
matched_loio_progress=363/600 dataset=visa class=pcb1 k=4 seed=2 corruption=blur
matched_loio_progress=364/600 dataset=visa class=pcb1 k=4 seed=2 corruption=brightness_contrast
matched_loio_progress=365/600 dataset=visa class=pcb1 k=4 seed=2 corruption=jpeg
matched_loio_progress=366/600 dataset=visa class=pcb1 k=4 seed=3 corruption=clean
matched_loio_progress=367/600 dataset=visa class=pcb1 k=4 seed=3 corruption=gaussian_noise
matched_loio_progress=368/600 dataset=visa class=pcb1 k=4 seed=3 corruption=blur
matched_loio_progress=369/600 dataset=visa class=pcb1 k=4 seed=3 corruption=brightness_contrast
matched_loio_progress=370/600 dataset=visa class=pcb1 k=4 seed=3 corruption=jpeg
matched_loio_progress=371/600 dataset=visa class=pcb1 k=4 seed=4 corruption=clean
matched_loio_progress=372/600 dataset=visa class=pcb1 k=4 seed=4 corruption=gaussian_noise
matched_loio_progress=373/600 dataset=visa class=pcb1 k=4 seed=4 corruption=blur
matched_loio_progress=374/600 dataset=visa class=pcb1 k=4 seed=4 corruption=brightness_contrast
matched_loio_progress=375/600 dataset=visa class=pcb1 k=4 seed=4 corruption=jpeg
matched_loio_progress=376/600 dataset=visa class=pcb1 k=8 seed=0 corruption=clean
matched_loio_progress=377/600 dataset=visa class=pcb1 k=8 seed=0 corruption=gaussian_noise
matched_loio_progress=378/600 dataset=visa class=pcb1 k=8 seed=0 corruption=blur
matched_loio_progress=379/600 dataset=visa class=pcb1 k=8 seed=0 corruption=brightness_contrast
matched_loio_progress=380/600 dataset=visa class=pcb1 k=8 seed=0 corruption=jpeg
matched_loio_progress=381/600 dataset=visa class=pcb1 k=8 seed=1 corruption=clean
matched_loio_progress=382/600 dataset=visa class=pcb1 k=8 seed=1 corruption=gaussian_noise
matched_loio_progress=383/600 dataset=visa class=pcb1 k=8 seed=1 corruption=blur
matched_loio_progress=384/600 dataset=visa class=pcb1 k=8 seed=1 corruption=brightness_contrast
matched_loio_progress=385/600 dataset=visa class=pcb1 k=8 seed=1 corruption=jpeg
matched_loio_progress=386/600 dataset=visa class=pcb1 k=8 seed=2 corruption=clean
matched_loio_progress=387/600 dataset=visa class=pcb1 k=8 seed=2 corruption=gaussian_noise
matched_loio_progress=388/600 dataset=visa class=pcb1 k=8 seed=2 corruption=blur
matched_loio_progress=389/600 dataset=visa class=pcb1 k=8 seed=2 corruption=brightness_contrast
matched_loio_progress=390/600 dataset=visa class=pcb1 k=8 seed=2 corruption=jpeg
matched_loio_progress=391/600 dataset=visa class=pcb1 k=8 seed=3 corruption=clean
matched_loio_progress=392/600 dataset=visa class=pcb1 k=8 seed=3 corruption=gaussian_noise
matched_loio_progress=393/600 dataset=visa class=pcb1 k=8 seed=3 corruption=blur
matched_loio_progress=394/600 dataset=visa class=pcb1 k=8 seed=3 corruption=brightness_contrast
matched_loio_progress=395/600 dataset=visa class=pcb1 k=8 seed=3 corruption=jpeg
matched_loio_progress=396/600 dataset=visa class=pcb1 k=8 seed=4 corruption=clean
matched_loio_progress=397/600 dataset=visa class=pcb1 k=8 seed=4 corruption=gaussian_noise
matched_loio_progress=398/600 dataset=visa class=pcb1 k=8 seed=4 corruption=blur
matched_loio_progress=399/600 dataset=visa class=pcb1 k=8 seed=4 corruption=brightness_contrast
matched_loio_progress=400/600 dataset=visa class=pcb1 k=8 seed=4 corruption=jpeg
matched_loio_progress=401/600 dataset=visa class=pcb2 k=4 seed=0 corruption=clean
matched_loio_progress=402/600 dataset=visa class=pcb2 k=4 seed=0 corruption=gaussian_noise
matched_loio_progress=403/600 dataset=visa class=pcb2 k=4 seed=0 corruption=blur
matched_loio_progress=404/600 dataset=visa class=pcb2 k=4 seed=0 corruption=brightness_contrast
matched_loio_progress=405/600 dataset=visa class=pcb2 k=4 seed=0 corruption=jpeg
matched_loio_progress=406/600 dataset=visa class=pcb2 k=4 seed=1 corruption=clean
matched_loio_progress=407/600 dataset=visa class=pcb2 k=4 seed=1 corruption=gaussian_noise
matched_loio_progress=408/600 dataset=visa class=pcb2 k=4 seed=1 corruption=blur
matched_loio_progress=409/600 dataset=visa class=pcb2 k=4 seed=1 corruption=brightness_contrast
matched_loio_progress=410/600 dataset=visa class=pcb2 k=4 seed=1 corruption=jpeg
matched_loio_progress=411/600 dataset=visa class=pcb2 k=4 seed=2 corruption=clean
matched_loio_progress=412/600 dataset=visa class=pcb2 k=4 seed=2 corruption=gaussian_noise
matched_loio_progress=413/600 dataset=visa class=pcb2 k=4 seed=2 corruption=blur
matched_loio_progress=414/600 dataset=visa class=pcb2 k=4 seed=2 corruption=brightness_contrast
matched_loio_progress=415/600 dataset=visa class=pcb2 k=4 seed=2 corruption=jpeg
matched_loio_progress=416/600 dataset=visa class=pcb2 k=4 seed=3 corruption=clean
matched_loio_progress=417/600 dataset=visa class=pcb2 k=4 seed=3 corruption=gaussian_noise
matched_loio_progress=418/600 dataset=visa class=pcb2 k=4 seed=3 corruption=blur
matched_loio_progress=419/600 dataset=visa class=pcb2 k=4 seed=3 corruption=brightness_contrast
matched_loio_progress=420/600 dataset=visa class=pcb2 k=4 seed=3 corruption=jpeg
matched_loio_progress=421/600 dataset=visa class=pcb2 k=4 seed=4 corruption=clean
matched_loio_progress=422/600 dataset=visa class=pcb2 k=4 seed=4 corruption=gaussian_noise
matched_loio_progress=423/600 dataset=visa class=pcb2 k=4 seed=4 corruption=blur
matched_loio_progress=424/600 dataset=visa class=pcb2 k=4 seed=4 corruption=brightness_contrast
matched_loio_progress=425/600 dataset=visa class=pcb2 k=4 seed=4 corruption=jpeg
matched_loio_progress=426/600 dataset=visa class=pcb2 k=8 seed=0 corruption=clean
matched_loio_progress=427/600 dataset=visa class=pcb2 k=8 seed=0 corruption=gaussian_noise
matched_loio_progress=428/600 dataset=visa class=pcb2 k=8 seed=0 corruption=blur
matched_loio_progress=429/600 dataset=visa class=pcb2 k=8 seed=0 corruption=brightness_contrast
matched_loio_progress=430/600 dataset=visa class=pcb2 k=8 seed=0 corruption=jpeg
matched_loio_progress=431/600 dataset=visa class=pcb2 k=8 seed=1 corruption=clean
matched_loio_progress=432/600 dataset=visa class=pcb2 k=8 seed=1 corruption=gaussian_noise
matched_loio_progress=433/600 dataset=visa class=pcb2 k=8 seed=1 corruption=blur
matched_loio_progress=434/600 dataset=visa class=pcb2 k=8 seed=1 corruption=brightness_contrast
matched_loio_progress=435/600 dataset=visa class=pcb2 k=8 seed=1 corruption=jpeg
matched_loio_progress=436/600 dataset=visa class=pcb2 k=8 seed=2 corruption=clean
matched_loio_progress=437/600 dataset=visa class=pcb2 k=8 seed=2 corruption=gaussian_noise
matched_loio_progress=438/600 dataset=visa class=pcb2 k=8 seed=2 corruption=blur
matched_loio_progress=439/600 dataset=visa class=pcb2 k=8 seed=2 corruption=brightness_contrast
matched_loio_progress=440/600 dataset=visa class=pcb2 k=8 seed=2 corruption=jpeg
matched_loio_progress=441/600 dataset=visa class=pcb2 k=8 seed=3 corruption=clean
matched_loio_progress=442/600 dataset=visa class=pcb2 k=8 seed=3 corruption=gaussian_noise
matched_loio_progress=443/600 dataset=visa class=pcb2 k=8 seed=3 corruption=blur
matched_loio_progress=444/600 dataset=visa class=pcb2 k=8 seed=3 corruption=brightness_contrast
matched_loio_progress=445/600 dataset=visa class=pcb2 k=8 seed=3 corruption=jpeg
matched_loio_progress=446/600 dataset=visa class=pcb2 k=8 seed=4 corruption=clean
matched_loio_progress=447/600 dataset=visa class=pcb2 k=8 seed=4 corruption=gaussian_noise
matched_loio_progress=448/600 dataset=visa class=pcb2 k=8 seed=4 corruption=blur
matched_loio_progress=449/600 dataset=visa class=pcb2 k=8 seed=4 corruption=brightness_contrast
matched_loio_progress=450/600 dataset=visa class=pcb2 k=8 seed=4 corruption=jpeg
matched_loio_progress=451/600 dataset=visa class=pcb3 k=4 seed=0 corruption=clean
matched_loio_progress=452/600 dataset=visa class=pcb3 k=4 seed=0 corruption=gaussian_noise
matched_loio_progress=453/600 dataset=visa class=pcb3 k=4 seed=0 corruption=blur
matched_loio_progress=454/600 dataset=visa class=pcb3 k=4 seed=0 corruption=brightness_contrast
matched_loio_progress=455/600 dataset=visa class=pcb3 k=4 seed=0 corruption=jpeg
matched_loio_progress=456/600 dataset=visa class=pcb3 k=4 seed=1 corruption=clean
matched_loio_progress=457/600 dataset=visa class=pcb3 k=4 seed=1 corruption=gaussian_noise
matched_loio_progress=458/600 dataset=visa class=pcb3 k=4 seed=1 corruption=blur
matched_loio_progress=459/600 dataset=visa class=pcb3 k=4 seed=1 corruption=brightness_contrast
matched_loio_progress=460/600 dataset=visa class=pcb3 k=4 seed=1 corruption=jpeg
matched_loio_progress=461/600 dataset=visa class=pcb3 k=4 seed=2 corruption=clean
matched_loio_progress=462/600 dataset=visa class=pcb3 k=4 seed=2 corruption=gaussian_noise
matched_loio_progress=463/600 dataset=visa class=pcb3 k=4 seed=2 corruption=blur
matched_loio_progress=464/600 dataset=visa class=pcb3 k=4 seed=2 corruption=brightness_contrast
matched_loio_progress=465/600 dataset=visa class=pcb3 k=4 seed=2 corruption=jpeg
matched_loio_progress=466/600 dataset=visa class=pcb3 k=4 seed=3 corruption=clean
matched_loio_progress=467/600 dataset=visa class=pcb3 k=4 seed=3 corruption=gaussian_noise
matched_loio_progress=468/600 dataset=visa class=pcb3 k=4 seed=3 corruption=blur
matched_loio_progress=469/600 dataset=visa class=pcb3 k=4 seed=3 corruption=brightness_contrast
matched_loio_progress=470/600 dataset=visa class=pcb3 k=4 seed=3 corruption=jpeg
matched_loio_progress=471/600 dataset=visa class=pcb3 k=4 seed=4 corruption=clean
matched_loio_progress=472/600 dataset=visa class=pcb3 k=4 seed=4 corruption=gaussian_noise
matched_loio_progress=473/600 dataset=visa class=pcb3 k=4 seed=4 corruption=blur
matched_loio_progress=474/600 dataset=visa class=pcb3 k=4 seed=4 corruption=brightness_contrast
matched_loio_progress=475/600 dataset=visa class=pcb3 k=4 seed=4 corruption=jpeg
matched_loio_progress=476/600 dataset=visa class=pcb3 k=8 seed=0 corruption=clean
matched_loio_progress=477/600 dataset=visa class=pcb3 k=8 seed=0 corruption=gaussian_noise
matched_loio_progress=478/600 dataset=visa class=pcb3 k=8 seed=0 corruption=blur
matched_loio_progress=479/600 dataset=visa class=pcb3 k=8 seed=0 corruption=brightness_contrast
matched_loio_progress=480/600 dataset=visa class=pcb3 k=8 seed=0 corruption=jpeg
matched_loio_progress=481/600 dataset=visa class=pcb3 k=8 seed=1 corruption=clean
matched_loio_progress=482/600 dataset=visa class=pcb3 k=8 seed=1 corruption=gaussian_noise
matched_loio_progress=483/600 dataset=visa class=pcb3 k=8 seed=1 corruption=blur
matched_loio_progress=484/600 dataset=visa class=pcb3 k=8 seed=1 corruption=brightness_contrast
matched_loio_progress=485/600 dataset=visa class=pcb3 k=8 seed=1 corruption=jpeg
matched_loio_progress=486/600 dataset=visa class=pcb3 k=8 seed=2 corruption=clean
matched_loio_progress=487/600 dataset=visa class=pcb3 k=8 seed=2 corruption=gaussian_noise
matched_loio_progress=488/600 dataset=visa class=pcb3 k=8 seed=2 corruption=blur
matched_loio_progress=489/600 dataset=visa class=pcb3 k=8 seed=2 corruption=brightness_contrast
matched_loio_progress=490/600 dataset=visa class=pcb3 k=8 seed=2 corruption=jpeg
matched_loio_progress=491/600 dataset=visa class=pcb3 k=8 seed=3 corruption=clean
matched_loio_progress=492/600 dataset=visa class=pcb3 k=8 seed=3 corruption=gaussian_noise
matched_loio_progress=493/600 dataset=visa class=pcb3 k=8 seed=3 corruption=blur
matched_loio_progress=494/600 dataset=visa class=pcb3 k=8 seed=3 corruption=brightness_contrast
matched_loio_progress=495/600 dataset=visa class=pcb3 k=8 seed=3 corruption=jpeg
matched_loio_progress=496/600 dataset=visa class=pcb3 k=8 seed=4 corruption=clean
matched_loio_progress=497/600 dataset=visa class=pcb3 k=8 seed=4 corruption=gaussian_noise
matched_loio_progress=498/600 dataset=visa class=pcb3 k=8 seed=4 corruption=blur
matched_loio_progress=499/600 dataset=visa class=pcb3 k=8 seed=4 corruption=brightness_contrast
matched_loio_progress=500/600 dataset=visa class=pcb3 k=8 seed=4 corruption=jpeg
matched_loio_progress=501/600 dataset=visa class=pcb4 k=4 seed=0 corruption=clean
matched_loio_progress=502/600 dataset=visa class=pcb4 k=4 seed=0 corruption=gaussian_noise
matched_loio_progress=503/600 dataset=visa class=pcb4 k=4 seed=0 corruption=blur
matched_loio_progress=504/600 dataset=visa class=pcb4 k=4 seed=0 corruption=brightness_contrast
matched_loio_progress=505/600 dataset=visa class=pcb4 k=4 seed=0 corruption=jpeg
matched_loio_progress=506/600 dataset=visa class=pcb4 k=4 seed=1 corruption=clean
matched_loio_progress=507/600 dataset=visa class=pcb4 k=4 seed=1 corruption=gaussian_noise
matched_loio_progress=508/600 dataset=visa class=pcb4 k=4 seed=1 corruption=blur
matched_loio_progress=509/600 dataset=visa class=pcb4 k=4 seed=1 corruption=brightness_contrast
matched_loio_progress=510/600 dataset=visa class=pcb4 k=4 seed=1 corruption=jpeg
matched_loio_progress=511/600 dataset=visa class=pcb4 k=4 seed=2 corruption=clean
matched_loio_progress=512/600 dataset=visa class=pcb4 k=4 seed=2 corruption=gaussian_noise
matched_loio_progress=513/600 dataset=visa class=pcb4 k=4 seed=2 corruption=blur
matched_loio_progress=514/600 dataset=visa class=pcb4 k=4 seed=2 corruption=brightness_contrast
matched_loio_progress=515/600 dataset=visa class=pcb4 k=4 seed=2 corruption=jpeg
matched_loio_progress=516/600 dataset=visa class=pcb4 k=4 seed=3 corruption=clean
matched_loio_progress=517/600 dataset=visa class=pcb4 k=4 seed=3 corruption=gaussian_noise
matched_loio_progress=518/600 dataset=visa class=pcb4 k=4 seed=3 corruption=blur
matched_loio_progress=519/600 dataset=visa class=pcb4 k=4 seed=3 corruption=brightness_contrast
matched_loio_progress=520/600 dataset=visa class=pcb4 k=4 seed=3 corruption=jpeg
matched_loio_progress=521/600 dataset=visa class=pcb4 k=4 seed=4 corruption=clean
matched_loio_progress=522/600 dataset=visa class=pcb4 k=4 seed=4 corruption=gaussian_noise
matched_loio_progress=523/600 dataset=visa class=pcb4 k=4 seed=4 corruption=blur
matched_loio_progress=524/600 dataset=visa class=pcb4 k=4 seed=4 corruption=brightness_contrast
matched_loio_progress=525/600 dataset=visa class=pcb4 k=4 seed=4 corruption=jpeg
matched_loio_progress=526/600 dataset=visa class=pcb4 k=8 seed=0 corruption=clean
matched_loio_progress=527/600 dataset=visa class=pcb4 k=8 seed=0 corruption=gaussian_noise
matched_loio_progress=528/600 dataset=visa class=pcb4 k=8 seed=0 corruption=blur
matched_loio_progress=529/600 dataset=visa class=pcb4 k=8 seed=0 corruption=brightness_contrast
matched_loio_progress=530/600 dataset=visa class=pcb4 k=8 seed=0 corruption=jpeg
matched_loio_progress=531/600 dataset=visa class=pcb4 k=8 seed=1 corruption=clean
matched_loio_progress=532/600 dataset=visa class=pcb4 k=8 seed=1 corruption=gaussian_noise
matched_loio_progress=533/600 dataset=visa class=pcb4 k=8 seed=1 corruption=blur
matched_loio_progress=534/600 dataset=visa class=pcb4 k=8 seed=1 corruption=brightness_contrast
matched_loio_progress=535/600 dataset=visa class=pcb4 k=8 seed=1 corruption=jpeg
matched_loio_progress=536/600 dataset=visa class=pcb4 k=8 seed=2 corruption=clean
matched_loio_progress=537/600 dataset=visa class=pcb4 k=8 seed=2 corruption=gaussian_noise
matched_loio_progress=538/600 dataset=visa class=pcb4 k=8 seed=2 corruption=blur
matched_loio_progress=539/600 dataset=visa class=pcb4 k=8 seed=2 corruption=brightness_contrast
matched_loio_progress=540/600 dataset=visa class=pcb4 k=8 seed=2 corruption=jpeg
matched_loio_progress=541/600 dataset=visa class=pcb4 k=8 seed=3 corruption=clean
matched_loio_progress=542/600 dataset=visa class=pcb4 k=8 seed=3 corruption=gaussian_noise
matched_loio_progress=543/600 dataset=visa class=pcb4 k=8 seed=3 corruption=blur
matched_loio_progress=544/600 dataset=visa class=pcb4 k=8 seed=3 corruption=brightness_contrast
matched_loio_progress=545/600 dataset=visa class=pcb4 k=8 seed=3 corruption=jpeg
matched_loio_progress=546/600 dataset=visa class=pcb4 k=8 seed=4 corruption=clean
matched_loio_progress=547/600 dataset=visa class=pcb4 k=8 seed=4 corruption=gaussian_noise
matched_loio_progress=548/600 dataset=visa class=pcb4 k=8 seed=4 corruption=blur
matched_loio_progress=549/600 dataset=visa class=pcb4 k=8 seed=4 corruption=brightness_contrast
matched_loio_progress=550/600 dataset=visa class=pcb4 k=8 seed=4 corruption=jpeg
matched_loio_progress=551/600 dataset=visa class=pipe_fryum k=4 seed=0 corruption=clean
matched_loio_progress=552/600 dataset=visa class=pipe_fryum k=4 seed=0 corruption=gaussian_noise
matched_loio_progress=553/600 dataset=visa class=pipe_fryum k=4 seed=0 corruption=blur
matched_loio_progress=554/600 dataset=visa class=pipe_fryum k=4 seed=0 corruption=brightness_contrast
matched_loio_progress=555/600 dataset=visa class=pipe_fryum k=4 seed=0 corruption=jpeg
matched_loio_progress=556/600 dataset=visa class=pipe_fryum k=4 seed=1 corruption=clean
matched_loio_progress=557/600 dataset=visa class=pipe_fryum k=4 seed=1 corruption=gaussian_noise
matched_loio_progress=558/600 dataset=visa class=pipe_fryum k=4 seed=1 corruption=blur
matched_loio_progress=559/600 dataset=visa class=pipe_fryum k=4 seed=1 corruption=brightness_contrast
matched_loio_progress=560/600 dataset=visa class=pipe_fryum k=4 seed=1 corruption=jpeg
matched_loio_progress=561/600 dataset=visa class=pipe_fryum k=4 seed=2 corruption=clean
matched_loio_progress=562/600 dataset=visa class=pipe_fryum k=4 seed=2 corruption=gaussian_noise
matched_loio_progress=563/600 dataset=visa class=pipe_fryum k=4 seed=2 corruption=blur
matched_loio_progress=564/600 dataset=visa class=pipe_fryum k=4 seed=2 corruption=brightness_contrast
matched_loio_progress=565/600 dataset=visa class=pipe_fryum k=4 seed=2 corruption=jpeg
matched_loio_progress=566/600 dataset=visa class=pipe_fryum k=4 seed=3 corruption=clean
matched_loio_progress=567/600 dataset=visa class=pipe_fryum k=4 seed=3 corruption=gaussian_noise
matched_loio_progress=568/600 dataset=visa class=pipe_fryum k=4 seed=3 corruption=blur
matched_loio_progress=569/600 dataset=visa class=pipe_fryum k=4 seed=3 corruption=brightness_contrast
matched_loio_progress=570/600 dataset=visa class=pipe_fryum k=4 seed=3 corruption=jpeg
matched_loio_progress=571/600 dataset=visa class=pipe_fryum k=4 seed=4 corruption=clean
matched_loio_progress=572/600 dataset=visa class=pipe_fryum k=4 seed=4 corruption=gaussian_noise
matched_loio_progress=573/600 dataset=visa class=pipe_fryum k=4 seed=4 corruption=blur
matched_loio_progress=574/600 dataset=visa class=pipe_fryum k=4 seed=4 corruption=brightness_contrast
matched_loio_progress=575/600 dataset=visa class=pipe_fryum k=4 seed=4 corruption=jpeg
matched_loio_progress=576/600 dataset=visa class=pipe_fryum k=8 seed=0 corruption=clean
matched_loio_progress=577/600 dataset=visa class=pipe_fryum k=8 seed=0 corruption=gaussian_noise
matched_loio_progress=578/600 dataset=visa class=pipe_fryum k=8 seed=0 corruption=blur
matched_loio_progress=579/600 dataset=visa class=pipe_fryum k=8 seed=0 corruption=brightness_contrast
matched_loio_progress=580/600 dataset=visa class=pipe_fryum k=8 seed=0 corruption=jpeg
matched_loio_progress=581/600 dataset=visa class=pipe_fryum k=8 seed=1 corruption=clean
matched_loio_progress=582/600 dataset=visa class=pipe_fryum k=8 seed=1 corruption=gaussian_noise
matched_loio_progress=583/600 dataset=visa class=pipe_fryum k=8 seed=1 corruption=blur
matched_loio_progress=584/600 dataset=visa class=pipe_fryum k=8 seed=1 corruption=brightness_contrast
matched_loio_progress=585/600 dataset=visa class=pipe_fryum k=8 seed=1 corruption=jpeg
matched_loio_progress=586/600 dataset=visa class=pipe_fryum k=8 seed=2 corruption=clean
matched_loio_progress=587/600 dataset=visa class=pipe_fryum k=8 seed=2 corruption=gaussian_noise
matched_loio_progress=588/600 dataset=visa class=pipe_fryum k=8 seed=2 corruption=blur
matched_loio_progress=589/600 dataset=visa class=pipe_fryum k=8 seed=2 corruption=brightness_contrast
matched_loio_progress=590/600 dataset=visa class=pipe_fryum k=8 seed=2 corruption=jpeg
matched_loio_progress=591/600 dataset=visa class=pipe_fryum k=8 seed=3 corruption=clean
matched_loio_progress=592/600 dataset=visa class=pipe_fryum k=8 seed=3 corruption=gaussian_noise
matched_loio_progress=593/600 dataset=visa class=pipe_fryum k=8 seed=3 corruption=blur
matched_loio_progress=594/600 dataset=visa class=pipe_fryum k=8 seed=3 corruption=brightness_contrast
matched_loio_progress=595/600 dataset=visa class=pipe_fryum k=8 seed=3 corruption=jpeg
matched_loio_progress=596/600 dataset=visa class=pipe_fryum k=8 seed=4 corruption=clean
matched_loio_progress=597/600 dataset=visa class=pipe_fryum k=8 seed=4 corruption=gaussian_noise
matched_loio_progress=598/600 dataset=visa class=pipe_fryum k=8 seed=4 corruption=blur
matched_loio_progress=599/600 dataset=visa class=pipe_fryum k=8 seed=4 corruption=brightness_contrast
matched_loio_progress=600/600 dataset=visa class=pipe_fryum k=8 seed=4 corruption=jpeg
end_utc=2026-07-23T05:19:08Z
exit_code=0
