run_tag=nc_gpu_20260722_e7f1759
git_commit=e7f175990b02aa3cbdb7c92250d57c0272abef9d
start_utc=2026-07-23T03:48:02Z
command=env PYTHONUNBUFFERED=1 /home/crl/miniconda3/envs/ad/bin/python -u scripts/export_sc3r_views.py --base-config configs/generated/mvtec_full/calib_subspace_head_mvtec_bottle_k1_seed0.yaml --dataset mpdd --classes bracket_black bracket_brown bracket_white connector metal_plate tubes --k-shots 1 2 4 8 --seeds 0 1 2 3 4 --corruptions clean gaussian_noise blur brightness_contrast jpeg --max-images 120 --rho 0.01 --tmp-root /home/crl/MoME/other/AD/tmp/ad-neurocomputing/corruptions --out outputs/paper_tables/sc3r_views_mpdd_nc_gpu_20260722_e7f1759.csv --support-out outputs/paper_tables/sc3r_support_mpdd_nc_gpu_20260722_e7f1759.csv --support-manifest-out outputs/manifests/nc_gpu_20260722_e7f1759/support_mpdd.csv --resume 
/home/crl/.cache/torch/hub/facebookresearch_dinov2_main/dinov2/layers/swiglu_ffn.py:51: UserWarning: xFormers is not available (SwiGLU)
  warnings.warn("xFormers is not available (SwiGLU)")
/home/crl/.cache/torch/hub/facebookresearch_dinov2_main/dinov2/layers/attention.py:33: UserWarning: xFormers is not available (Attention)
  warnings.warn("xFormers is not available (Attention)")
/home/crl/.cache/torch/hub/facebookresearch_dinov2_main/dinov2/layers/block.py:40: UserWarning: xFormers is not available (Block)
  warnings.warn("xFormers is not available (Block)")
sc3r_progress class=metal_plate k=1 seed=2 corruption=gaussian_noise
sc3r_progress class=metal_plate k=1 seed=2 corruption=blur
sc3r_progress class=metal_plate k=1 seed=2 corruption=brightness_contrast
sc3r_progress class=metal_plate k=1 seed=2 corruption=jpeg
sc3r_progress class=metal_plate k=1 seed=3 corruption=clean
sc3r_progress class=metal_plate k=1 seed=3 corruption=gaussian_noise
sc3r_progress class=metal_plate k=1 seed=3 corruption=blur
sc3r_progress class=metal_plate k=1 seed=3 corruption=brightness_contrast
sc3r_progress class=metal_plate k=1 seed=3 corruption=jpeg
sc3r_progress class=metal_plate k=1 seed=4 corruption=clean
sc3r_progress class=metal_plate k=1 seed=4 corruption=gaussian_noise
sc3r_progress class=metal_plate k=1 seed=4 corruption=blur
sc3r_progress class=metal_plate k=1 seed=4 corruption=brightness_contrast
sc3r_progress class=metal_plate k=1 seed=4 corruption=jpeg
sc3r_progress class=metal_plate k=2 seed=0 corruption=clean
sc3r_progress class=metal_plate k=2 seed=0 corruption=gaussian_noise
sc3r_progress class=metal_plate k=2 seed=0 corruption=blur
sc3r_progress class=metal_plate k=2 seed=0 corruption=brightness_contrast
sc3r_progress class=metal_plate k=2 seed=0 corruption=jpeg
sc3r_progress class=metal_plate k=2 seed=1 corruption=clean
sc3r_progress class=metal_plate k=2 seed=1 corruption=gaussian_noise
sc3r_progress class=metal_plate k=2 seed=1 corruption=blur
sc3r_progress class=metal_plate k=2 seed=1 corruption=brightness_contrast
sc3r_progress class=metal_plate k=2 seed=1 corruption=jpeg
sc3r_progress class=metal_plate k=2 seed=2 corruption=clean
sc3r_progress class=metal_plate k=2 seed=2 corruption=gaussian_noise
sc3r_progress class=metal_plate k=2 seed=2 corruption=blur
sc3r_progress class=metal_plate k=2 seed=2 corruption=brightness_contrast
sc3r_progress class=metal_plate k=2 seed=2 corruption=jpeg
sc3r_progress class=metal_plate k=2 seed=3 corruption=clean
sc3r_progress class=metal_plate k=2 seed=3 corruption=gaussian_noise
sc3r_progress class=metal_plate k=2 seed=3 corruption=blur
sc3r_progress class=metal_plate k=2 seed=3 corruption=brightness_contrast
sc3r_progress class=metal_plate k=2 seed=3 corruption=jpeg
sc3r_progress class=metal_plate k=2 seed=4 corruption=clean
sc3r_progress class=metal_plate k=2 seed=4 corruption=gaussian_noise
sc3r_progress class=metal_plate k=2 seed=4 corruption=blur
sc3r_progress class=metal_plate k=2 seed=4 corruption=brightness_contrast
sc3r_progress class=metal_plate k=2 seed=4 corruption=jpeg
sc3r_progress class=metal_plate k=4 seed=0 corruption=clean
sc3r_progress class=metal_plate k=4 seed=0 corruption=gaussian_noise
sc3r_progress class=metal_plate k=4 seed=0 corruption=blur
sc3r_progress class=metal_plate k=4 seed=0 corruption=brightness_contrast
sc3r_progress class=metal_plate k=4 seed=0 corruption=jpeg
sc3r_progress class=metal_plate k=4 seed=1 corruption=clean
sc3r_progress class=metal_plate k=4 seed=1 corruption=gaussian_noise
sc3r_progress class=metal_plate k=4 seed=1 corruption=blur
sc3r_progress class=metal_plate k=4 seed=1 corruption=brightness_contrast
sc3r_progress class=metal_plate k=4 seed=1 corruption=jpeg
sc3r_progress class=metal_plate k=4 seed=2 corruption=clean
sc3r_progress class=metal_plate k=4 seed=2 corruption=gaussian_noise
sc3r_progress class=metal_plate k=4 seed=2 corruption=blur
sc3r_progress class=metal_plate k=4 seed=2 corruption=brightness_contrast
sc3r_progress class=metal_plate k=4 seed=2 corruption=jpeg
sc3r_progress class=metal_plate k=4 seed=3 corruption=clean
sc3r_progress class=metal_plate k=4 seed=3 corruption=gaussian_noise
sc3r_progress class=metal_plate k=4 seed=3 corruption=blur
sc3r_progress class=metal_plate k=4 seed=3 corruption=brightness_contrast
sc3r_progress class=metal_plate k=4 seed=3 corruption=jpeg
sc3r_progress class=metal_plate k=4 seed=4 corruption=clean
sc3r_progress class=metal_plate k=4 seed=4 corruption=gaussian_noise
sc3r_progress class=metal_plate k=4 seed=4 corruption=blur
sc3r_progress class=metal_plate k=4 seed=4 corruption=brightness_contrast
sc3r_progress class=metal_plate k=4 seed=4 corruption=jpeg
sc3r_progress class=metal_plate k=8 seed=0 corruption=clean
sc3r_progress class=metal_plate k=8 seed=0 corruption=gaussian_noise
sc3r_progress class=metal_plate k=8 seed=0 corruption=blur
sc3r_progress class=metal_plate k=8 seed=0 corruption=brightness_contrast
sc3r_progress class=metal_plate k=8 seed=0 corruption=jpeg
sc3r_progress class=metal_plate k=8 seed=1 corruption=clean
sc3r_progress class=metal_plate k=8 seed=1 corruption=gaussian_noise
sc3r_progress class=metal_plate k=8 seed=1 corruption=blur
sc3r_progress class=metal_plate k=8 seed=1 corruption=brightness_contrast
sc3r_progress class=metal_plate k=8 seed=1 corruption=jpeg
sc3r_progress class=metal_plate k=8 seed=2 corruption=clean
sc3r_progress class=metal_plate k=8 seed=2 corruption=gaussian_noise
sc3r_progress class=metal_plate k=8 seed=2 corruption=blur
sc3r_progress class=metal_plate k=8 seed=2 corruption=brightness_contrast
sc3r_progress class=metal_plate k=8 seed=2 corruption=jpeg
sc3r_progress class=metal_plate k=8 seed=3 corruption=clean
sc3r_progress class=metal_plate k=8 seed=3 corruption=gaussian_noise
sc3r_progress class=metal_plate k=8 seed=3 corruption=blur
sc3r_progress class=metal_plate k=8 seed=3 corruption=brightness_contrast
sc3r_progress class=metal_plate k=8 seed=3 corruption=jpeg
sc3r_progress class=metal_plate k=8 seed=4 corruption=clean
sc3r_progress class=metal_plate k=8 seed=4 corruption=gaussian_noise
sc3r_progress class=metal_plate k=8 seed=4 corruption=blur
sc3r_progress class=metal_plate k=8 seed=4 corruption=brightness_contrast
sc3r_progress class=metal_plate k=8 seed=4 corruption=jpeg
sc3r_progress class=tubes k=1 seed=0 corruption=clean
sc3r_progress class=tubes k=1 seed=0 corruption=gaussian_noise
sc3r_progress class=tubes k=1 seed=0 corruption=blur
sc3r_progress class=tubes k=1 seed=0 corruption=brightness_contrast
sc3r_progress class=tubes k=1 seed=0 corruption=jpeg
sc3r_progress class=tubes k=1 seed=1 corruption=clean
sc3r_progress class=tubes k=1 seed=1 corruption=gaussian_noise
sc3r_progress class=tubes k=1 seed=1 corruption=blur
sc3r_progress class=tubes k=1 seed=1 corruption=brightness_contrast
sc3r_progress class=tubes k=1 seed=1 corruption=jpeg
sc3r_progress class=tubes k=1 seed=2 corruption=clean
sc3r_progress class=tubes k=1 seed=2 corruption=gaussian_noise
sc3r_progress class=tubes k=1 seed=2 corruption=blur
sc3r_progress class=tubes k=1 seed=2 corruption=brightness_contrast
sc3r_progress class=tubes k=1 seed=2 corruption=jpeg
sc3r_progress class=tubes k=1 seed=3 corruption=clean
sc3r_progress class=tubes k=1 seed=3 corruption=gaussian_noise
sc3r_progress class=tubes k=1 seed=3 corruption=blur
sc3r_progress class=tubes k=1 seed=3 corruption=brightness_contrast
sc3r_progress class=tubes k=1 seed=3 corruption=jpeg
sc3r_progress class=tubes k=1 seed=4 corruption=clean
sc3r_progress class=tubes k=1 seed=4 corruption=gaussian_noise
sc3r_progress class=tubes k=1 seed=4 corruption=blur
sc3r_progress class=tubes k=1 seed=4 corruption=brightness_contrast
sc3r_progress class=tubes k=1 seed=4 corruption=jpeg
sc3r_progress class=tubes k=2 seed=0 corruption=clean
sc3r_progress class=tubes k=2 seed=0 corruption=gaussian_noise
sc3r_progress class=tubes k=2 seed=0 corruption=blur
sc3r_progress class=tubes k=2 seed=0 corruption=brightness_contrast
sc3r_progress class=tubes k=2 seed=0 corruption=jpeg
sc3r_progress class=tubes k=2 seed=1 corruption=clean
sc3r_progress class=tubes k=2 seed=1 corruption=gaussian_noise
sc3r_progress class=tubes k=2 seed=1 corruption=blur
sc3r_progress class=tubes k=2 seed=1 corruption=brightness_contrast
sc3r_progress class=tubes k=2 seed=1 corruption=jpeg
sc3r_progress class=tubes k=2 seed=2 corruption=clean
sc3r_progress class=tubes k=2 seed=2 corruption=gaussian_noise
sc3r_progress class=tubes k=2 seed=2 corruption=blur
sc3r_progress class=tubes k=2 seed=2 corruption=brightness_contrast
sc3r_progress class=tubes k=2 seed=2 corruption=jpeg
sc3r_progress class=tubes k=2 seed=3 corruption=clean
sc3r_progress class=tubes k=2 seed=3 corruption=gaussian_noise
sc3r_progress class=tubes k=2 seed=3 corruption=blur
sc3r_progress class=tubes k=2 seed=3 corruption=brightness_contrast
sc3r_progress class=tubes k=2 seed=3 corruption=jpeg
sc3r_progress class=tubes k=2 seed=4 corruption=clean
sc3r_progress class=tubes k=2 seed=4 corruption=gaussian_noise
sc3r_progress class=tubes k=2 seed=4 corruption=blur
sc3r_progress class=tubes k=2 seed=4 corruption=brightness_contrast
sc3r_progress class=tubes k=2 seed=4 corruption=jpeg
sc3r_progress class=tubes k=4 seed=0 corruption=clean
sc3r_progress class=tubes k=4 seed=0 corruption=gaussian_noise
sc3r_progress class=tubes k=4 seed=0 corruption=blur
sc3r_progress class=tubes k=4 seed=0 corruption=brightness_contrast
sc3r_progress class=tubes k=4 seed=0 corruption=jpeg
sc3r_progress class=tubes k=4 seed=1 corruption=clean
sc3r_progress class=tubes k=4 seed=1 corruption=gaussian_noise
sc3r_progress class=tubes k=4 seed=1 corruption=blur
sc3r_progress class=tubes k=4 seed=1 corruption=brightness_contrast
sc3r_progress class=tubes k=4 seed=1 corruption=jpeg
sc3r_progress class=tubes k=4 seed=2 corruption=clean
sc3r_progress class=tubes k=4 seed=2 corruption=gaussian_noise
sc3r_progress class=tubes k=4 seed=2 corruption=blur
sc3r_progress class=tubes k=4 seed=2 corruption=brightness_contrast
sc3r_progress class=tubes k=4 seed=2 corruption=jpeg
sc3r_progress class=tubes k=4 seed=3 corruption=clean
sc3r_progress class=tubes k=4 seed=3 corruption=gaussian_noise
sc3r_progress class=tubes k=4 seed=3 corruption=blur
sc3r_progress class=tubes k=4 seed=3 corruption=brightness_contrast
sc3r_progress class=tubes k=4 seed=3 corruption=jpeg
sc3r_progress class=tubes k=4 seed=4 corruption=clean
sc3r_progress class=tubes k=4 seed=4 corruption=gaussian_noise
sc3r_progress class=tubes k=4 seed=4 corruption=blur
sc3r_progress class=tubes k=4 seed=4 corruption=brightness_contrast
sc3r_progress class=tubes k=4 seed=4 corruption=jpeg
sc3r_progress class=tubes k=8 seed=0 corruption=clean
sc3r_progress class=tubes k=8 seed=0 corruption=gaussian_noise
sc3r_progress class=tubes k=8 seed=0 corruption=blur
sc3r_progress class=tubes k=8 seed=0 corruption=brightness_contrast
sc3r_progress class=tubes k=8 seed=0 corruption=jpeg
sc3r_progress class=tubes k=8 seed=1 corruption=clean
sc3r_progress class=tubes k=8 seed=1 corruption=gaussian_noise
sc3r_progress class=tubes k=8 seed=1 corruption=blur
sc3r_progress class=tubes k=8 seed=1 corruption=brightness_contrast
sc3r_progress class=tubes k=8 seed=1 corruption=jpeg
sc3r_progress class=tubes k=8 seed=2 corruption=clean
sc3r_progress class=tubes k=8 seed=2 corruption=gaussian_noise
sc3r_progress class=tubes k=8 seed=2 corruption=blur
sc3r_progress class=tubes k=8 seed=2 corruption=brightness_contrast
sc3r_progress class=tubes k=8 seed=2 corruption=jpeg
sc3r_progress class=tubes k=8 seed=3 corruption=clean
sc3r_progress class=tubes k=8 seed=3 corruption=gaussian_noise
sc3r_progress class=tubes k=8 seed=3 corruption=blur
sc3r_progress class=tubes k=8 seed=3 corruption=brightness_contrast
sc3r_progress class=tubes k=8 seed=3 corruption=jpeg
sc3r_progress class=tubes k=8 seed=4 corruption=clean
sc3r_progress class=tubes k=8 seed=4 corruption=gaussian_noise
sc3r_progress class=tubes k=8 seed=4 corruption=blur
sc3r_progress class=tubes k=8 seed=4 corruption=brightness_contrast
sc3r_progress class=tubes k=8 seed=4 corruption=jpeg
end_utc=2026-07-23T04:14:00Z
exit_code=0
