run_tag=nc_gpu_20260722_e7f1759
git_commit=e7f175990b02aa3cbdb7c92250d57c0272abef9d
start_utc=2026-07-23T06:32:07Z
command=/home/crl/miniconda3/envs/ad/bin/python -u scripts/export_support_loio_residuals.py --base-config configs/generated/mvtec_full/calib_subspace_head_mvtec_bottle_k1_seed0.yaml --dataset mpdd --classes bracket_black bracket_brown bracket_white connector metal_plate tubes --k-shots 1 2 4 8 --seeds 0 1 2 3 4 --rho 0.01 --out outputs/paper_tables/sc3r_loio_mpdd_nc_gpu_20260722_e7f1759.csv --resume 
support_loio_progress class=bracket_black k=1 seed=0
support_loio_progress class=bracket_black k=1 seed=1
support_loio_progress class=bracket_black k=1 seed=2
support_loio_progress class=bracket_black k=1 seed=3
support_loio_progress class=bracket_black k=1 seed=4
support_loio_progress class=bracket_black k=2 seed=0
support_loio_progress class=bracket_black k=2 seed=1
support_loio_progress class=bracket_black k=2 seed=2
support_loio_progress class=bracket_black k=2 seed=3
support_loio_progress class=bracket_black k=2 seed=4
support_loio_progress class=bracket_black k=4 seed=0
support_loio_progress class=bracket_black k=4 seed=1
support_loio_progress class=bracket_black k=4 seed=2
support_loio_progress class=bracket_black k=4 seed=3
support_loio_progress class=bracket_black k=4 seed=4
support_loio_progress class=bracket_black k=8 seed=0
support_loio_progress class=bracket_black k=8 seed=1
support_loio_progress class=bracket_black k=8 seed=2
support_loio_progress class=bracket_black k=8 seed=3
support_loio_progress class=bracket_black k=8 seed=4
support_loio_progress class=bracket_brown k=1 seed=0
support_loio_progress class=bracket_brown k=1 seed=1
support_loio_progress class=bracket_brown k=1 seed=2
support_loio_progress class=bracket_brown k=1 seed=3
support_loio_progress class=bracket_brown k=1 seed=4
support_loio_progress class=bracket_brown k=2 seed=0
support_loio_progress class=bracket_brown k=2 seed=1
support_loio_progress class=bracket_brown k=2 seed=2
support_loio_progress class=bracket_brown k=2 seed=3
support_loio_progress class=bracket_brown k=2 seed=4
support_loio_progress class=bracket_brown k=4 seed=0
support_loio_progress class=bracket_brown k=4 seed=1
support_loio_progress class=bracket_brown k=4 seed=2
support_loio_progress class=bracket_brown k=4 seed=3
support_loio_progress class=bracket_brown k=4 seed=4
support_loio_progress class=bracket_brown k=8 seed=0
support_loio_progress class=bracket_brown k=8 seed=1
support_loio_progress class=bracket_brown k=8 seed=2
support_loio_progress class=bracket_brown k=8 seed=3
support_loio_progress class=bracket_brown k=8 seed=4
support_loio_progress class=bracket_white k=1 seed=0
support_loio_progress class=bracket_white k=1 seed=1
support_loio_progress class=bracket_white k=1 seed=2
support_loio_progress class=bracket_white k=1 seed=3
support_loio_progress class=bracket_white k=1 seed=4
support_loio_progress class=bracket_white k=2 seed=0
support_loio_progress class=bracket_white k=2 seed=1
support_loio_progress class=bracket_white k=2 seed=2
support_loio_progress class=bracket_white k=2 seed=3
support_loio_progress class=bracket_white k=2 seed=4
support_loio_progress class=bracket_white k=4 seed=0
support_loio_progress class=bracket_white k=4 seed=1
support_loio_progress class=bracket_white k=4 seed=2
support_loio_progress class=bracket_white k=4 seed=3
support_loio_progress class=bracket_white k=4 seed=4
support_loio_progress class=bracket_white k=8 seed=0
support_loio_progress class=bracket_white k=8 seed=1
support_loio_progress class=bracket_white k=8 seed=2
support_loio_progress class=bracket_white k=8 seed=3
support_loio_progress class=bracket_white k=8 seed=4
support_loio_progress class=connector k=1 seed=0
support_loio_progress class=connector k=1 seed=1
support_loio_progress class=connector k=1 seed=2
support_loio_progress class=connector k=1 seed=3
support_loio_progress class=connector k=1 seed=4
support_loio_progress class=connector k=2 seed=0
support_loio_progress class=connector k=2 seed=1
support_loio_progress class=connector k=2 seed=2
support_loio_progress class=connector k=2 seed=3
support_loio_progress class=connector k=2 seed=4
support_loio_progress class=connector k=4 seed=0
support_loio_progress class=connector k=4 seed=1
support_loio_progress class=connector k=4 seed=2
support_loio_progress class=connector k=4 seed=3
support_loio_progress class=connector k=4 seed=4
support_loio_progress class=connector k=8 seed=0
support_loio_progress class=connector k=8 seed=1
support_loio_progress class=connector k=8 seed=2
support_loio_progress class=connector k=8 seed=3
support_loio_progress class=connector k=8 seed=4
support_loio_progress class=metal_plate k=1 seed=0
support_loio_progress class=metal_plate k=1 seed=1
support_loio_progress class=metal_plate k=1 seed=2
support_loio_progress class=metal_plate k=1 seed=3
support_loio_progress class=metal_plate k=1 seed=4
support_loio_progress class=metal_plate k=2 seed=0
support_loio_progress class=metal_plate k=2 seed=1
support_loio_progress class=metal_plate k=2 seed=2
support_loio_progress class=metal_plate k=2 seed=3
support_loio_progress class=metal_plate k=2 seed=4
support_loio_progress class=metal_plate k=4 seed=0
support_loio_progress class=metal_plate k=4 seed=1
support_loio_progress class=metal_plate k=4 seed=2
support_loio_progress class=metal_plate k=4 seed=3
support_loio_progress class=metal_plate k=4 seed=4
support_loio_progress class=metal_plate k=8 seed=0
support_loio_progress class=metal_plate k=8 seed=1
support_loio_progress class=metal_plate k=8 seed=2
support_loio_progress class=metal_plate k=8 seed=3
support_loio_progress class=metal_plate k=8 seed=4
support_loio_progress class=tubes k=1 seed=0
support_loio_progress class=tubes k=1 seed=1
support_loio_progress class=tubes k=1 seed=2
support_loio_progress class=tubes k=1 seed=3
support_loio_progress class=tubes k=1 seed=4
support_loio_progress class=tubes k=2 seed=0
support_loio_progress class=tubes k=2 seed=1
support_loio_progress class=tubes k=2 seed=2
support_loio_progress class=tubes k=2 seed=3
support_loio_progress class=tubes k=2 seed=4
support_loio_progress class=tubes k=4 seed=0
support_loio_progress class=tubes k=4 seed=1
support_loio_progress class=tubes k=4 seed=2
support_loio_progress class=tubes k=4 seed=3
support_loio_progress class=tubes k=4 seed=4
support_loio_progress class=tubes k=8 seed=0
support_loio_progress class=tubes k=8 seed=1
support_loio_progress class=tubes k=8 seed=2
support_loio_progress class=tubes k=8 seed=3
support_loio_progress class=tubes k=8 seed=4
end_utc=2026-07-23T06:32:41Z
exit_code=0
