run_tag=nc_gpu_20260722_e7f1759
git_commit=e7f175990b02aa3cbdb7c92250d57c0272abef9d
start_utc=2026-07-22T16:11:48Z
command=/home/crl/miniconda3/envs/ad/bin/python -c import\ platform\,\ torch\,\ torchvision\,\ numpy\,\ PIL\,\ yaml\,\ pandas\,\ pyarrow\,\ sklearn\,\ scipy\,\ pytest\,\ tqdm\;\ print\(\'python=\'+platform.python_version\(\)\)\;\ print\(\'torch=\'+torch.__version__\)\;\ print\(\'torchvision=\'+torchvision.__version__\)\;\ print\(\'torch_cuda=\'+str\(torch.version.cuda\)\)\;\ print\(\'cudnn=\'+str\(torch.backends.cudnn.version\(\)\)\)\;\ print\(\'cuda_available=\'+str\(torch.cuda.is_available\(\)\)\)\;\ print\(\'gpu_count=\'+str\(torch.cuda.device_count\(\)\)\)\;\ print\(\'gpu0=\'+torch.cuda.get_device_name\(0\)\)\;\ print\(\'capability0=\'+str\(torch.cuda.get_device_capability\(0\)\)\)\;\ print\(\'numpy=\'+numpy.__version__\)\;\ print\(\'Pillow=\'+PIL.__version__\)\;\ print\(\'PyYAML=\'+yaml.__version__\)\;\ print\(\'pandas=\'+pandas.__version__\)\;\ print\(\'pyarrow=\'+pyarrow.__version__\)\;\ print\(\'scikit_learn=\'+sklearn.__version__\)\;\ print\(\'scipy=\'+scipy.__version__\)\;\ print\(\'pytest=\'+pytest.__version__\)\;\ print\(\'tqdm=\'+tqdm.__version__\) 
python=3.10.20
torch=2.12.1+cu130
torchvision=0.27.1+cu130
torch_cuda=13.0
cudnn=92000
cuda_available=True
gpu_count=1
gpu0=NVIDIA GeForce RTX 5090
capability0=(12, 0)
numpy=2.2.6
Pillow=12.2.0
PyYAML=6.0.3
pandas=2.3.3
pyarrow=24.0.0
scikit_learn=1.7.2
scipy=1.15.3
pytest=9.1.1
tqdm=4.68.3
end_utc=2026-07-22T16:11:50Z
exit_code=0
