run_tag=nc_gpu_20260722_e7f1759
git_commit=e7f175990b02aa3cbdb7c92250d57c0272abef9d
start_utc=2026-07-22T16:11:45Z
command=bash -lc /home/crl/miniconda3/envs/ad/bin/python\ -m\ pip\ freeze\ \|\ sort 
# Editable install with no version control (subspacead==0.1.0)
-e /home/crl/AD/third_party/SubspaceAD
FrEIA==0.2
ImageIO==2.37.3
Jinja2==3.1.6
MarkupSafe==3.0.3
PyYAML==6.0.3
Pygments==2.20.0
ackermann-msgs==2.0.2
action-msgs==2.0.3
action-tutorials-interfaces==0.33.9
action-tutorials-py==0.33.9
actionlib-msgs==5.3.6
actuator-msgs==0.0.1
aiohappyeyeballs==2.7.1
aiohttp==3.14.1
aiosignal==1.4.0
ament-cmake-test==2.5.5
ament-copyright==0.17.4
ament-cppcheck==0.17.4
ament-cpplint==0.17.4
ament-flake8==0.17.4
ament-index-python==1.8.2
ament-lint-cmake==0.17.4
ament-lint==0.17.4
ament-package==0.16.5
ament-pep257==0.17.4
ament-uncrustify==0.17.4
ament-xmllint==0.17.4
angles==1.16.1
annotated-doc==0.0.4
anomalib==2.5.0
antlr4-python3-runtime==4.9.3
anyio==4.14.1
apriltag-msgs==2.0.1
aruco-msgs==5.0.5
aruco-opencv-msgs==6.1.1
async-timeout==5.0.1
attrs==26.1.0
bond==4.1.2
builtin-interfaces==2.0.3
certifi==2026.6.17
click==8.4.2
composition-interfaces==2.0.3
contourpy==1.3.2
control-msgs==5.7.0
controller-manager-msgs==4.42.2
controller-manager==4.42.2
cuda-bindings==13.3.1
cuda-pathfinder==1.5.5
cuda-toolkit==13.0.2
cv-bridge==4.1.0
cycler==0.12.1
demo-nodes-py==0.33.9
diagnostic-msgs==5.3.6
diagnostic-updater==4.2.6
docstring_parser==0.18.0
domain-coordinator==0.12.0
dwb-msgs==1.3.10
dynamixel-easy-sdk==4.0.3
dynamixel-sdk==4.0.3
einops==0.8.2
example-interfaces==0.12.0
examples-rclpy-executors==0.19.7
examples-rclpy-minimal-action-client==0.19.7
examples-rclpy-minimal-action-server==0.19.7
examples-rclpy-minimal-client==0.19.7
examples-rclpy-minimal-publisher==0.19.7
examples-rclpy-minimal-service==0.19.7
examples-rclpy-minimal-subscriber==0.19.7
exceptiongroup==1.3.1
faiss-cpu==1.14.3
filelock==3.29.4
fonttools==4.63.0
frozenlist==1.8.0
fsspec==2026.6.0
ftfy==6.3.1
generate-parameter-library-py==0.6.0
geographic-msgs==1.0.6
geometry-msgs==5.3.6
gps-msgs==2.1.1
h11==0.16.0
hf-xet==1.5.1
httpcore==1.0.9
httpx==0.28.1
huggingface_hub==1.21.0
idna==3.18
image-geometry==4.1.0
imagecodecs==2025.3.30
importlib_resources==7.1.0
iniconfig==2.3.0
interactive-markers==2.5.5
joblib==1.5.3
joint-state-publisher-gui==2.4.0
joint-state-publisher==2.4.0
jsonargparse==4.46.0
kiwisolver==1.5.0
kornia==0.8.2
kornia_rs==0.1.14
laser-geometry==2.7.2
launch-param-builder==0.1.1
launch-ros==0.26.11
launch-testing-ros==0.26.11
launch-testing==3.4.10
launch-xml==3.4.10
launch-yaml==3.4.10
launch==3.4.10
lazy-loader==0.5
lifecycle-msgs==2.0.3
lightning-utilities==0.15.3
lightning==2.6.5
logging-demo==0.33.9
loguru==0.7.3
map-msgs==2.4.1
markdown-it-py==4.2.0
matplotlib==3.10.9
mdurl==0.1.2
message-filters==4.11.10
moveit-configs-utils==2.12.4
moveit-msgs==2.6.0
mpmath==1.3.0
multidict==6.7.1
nav-2d-msgs==1.3.10
nav-msgs==5.3.6
nav2-common==1.3.10
nav2-msgs==1.3.10
nav2-simple-commander==1.0.0
networkx==3.4.2
numpy==2.2.6
nvidia-cublas==13.1.1.3
nvidia-cuda-cupti==13.0.85
nvidia-cuda-nvrtc==13.0.88
nvidia-cuda-runtime==13.0.96
nvidia-cudnn-cu13==9.20.0.48
nvidia-cufft==12.0.0.61
nvidia-cufile==1.15.1.6
nvidia-curand==10.4.0.35
nvidia-cusolver==12.0.4.66
nvidia-cusparse==12.6.3.3
nvidia-cusparselt-cu13==0.8.1
nvidia-nccl-cu13==2.29.7
nvidia-nvjitlink==13.0.88
nvidia-nvshmem-cu13==3.4.5
nvidia-nvtx==13.0.85
object-recognition-msgs==2.0.0
octomap-msgs==2.0.1
omegaconf==2.3.1
open_clip_torch==3.3.0
opencv-python==5.0.0.93
osrf-pycommon==2.1.7
packaging==26.0
pal-statistics-msgs==2.7.0
pal-statistics==2.7.0
pandas==2.3.3
pcl-msgs==1.0.0
pendulum-msgs==0.33.9
picknik-ament-copyright==0.0.1
pillow==12.2.0
platformdirs==4.10.0
pluggy==1.6.0
propcache==0.5.2
pyarrow==24.0.0
pyparsing==3.3.2
pytest==9.1.1
python-dateutil==2.9.0.post0
python-qt-binding==2.2.2
pytorch-lightning==2.6.5
pytz==2026.2
qt-dotgraph==2.7.5
qt-gui-cpp==2.7.5
qt-gui-py-common==2.7.5
qt-gui==2.7.5
quality-of-service-demo-py==0.33.9
rcl-interfaces==2.0.3
rclpy==7.1.9
rcutils==6.7.5
regex==2026.6.28
resource-retriever==3.4.4
rich-argparse==1.8.0
rich==15.0.0
rmw-dds-common==3.1.1
robot-localization==3.8.3
ros-gz-bridge==1.0.18
ros-gz-interfaces==1.0.18
ros-gz-sim==1.0.18
ros2action==0.32.8
ros2bag-mcap-cli==0.26.9
ros2bag-sqlite3-cli==0.26.9
ros2bag==0.26.9
ros2cli==0.32.8
ros2component==0.32.8
ros2controlcli==4.42.2
ros2doctor==0.32.8
ros2interface==0.32.8
ros2launch==0.26.11
ros2lifecycle==0.32.8
ros2multicast==0.32.8
ros2node==0.32.8
ros2param==0.32.8
ros2pkg==0.32.8
ros2plugin==5.4.4
ros2run==0.32.8
ros2service==0.32.8
ros2test==0.6.0
ros2topic==0.32.8
rosbag2-interfaces==0.26.9
rosbag2-py==0.26.9
rosgraph-msgs==2.0.3
rosidl-adapter==4.6.7
rosidl-cli==4.6.7
rosidl-cmake==4.6.7
rosidl-generator-c==4.6.7
rosidl-generator-cpp==4.6.7
rosidl-generator-py==0.22.2
rosidl-generator-type-description==4.6.7
rosidl-parser==4.6.7
rosidl-pycommon==4.6.7
rosidl-runtime-py==0.13.1
rosidl-typesupport-c==3.2.2
rosidl-typesupport-cpp==3.2.2
rosidl-typesupport-fastrtps-c==3.6.3
rosidl-typesupport-fastrtps-cpp==3.6.3
rosidl-typesupport-introspection-c==4.6.7
rosidl-typesupport-introspection-cpp==4.6.7
rpyutils==0.4.2
rqt-action==2.2.1
rqt-bag-plugins==1.5.6
rqt-bag==1.5.6
rqt-console==2.2.2
rqt-graph==1.5.6
rqt-gui-py==1.6.3
rqt-gui==1.6.3
rqt-msg==1.5.2
rqt-plot==1.4.5
rqt-publisher==1.7.3
rqt-py-common==1.6.3
rqt-py-console==1.2.3
rqt-reconfigure==1.6.3
rqt-service-caller==1.2.2
rqt-shell==1.2.3
rqt-srv==1.2.3
rqt-topic==1.7.5
rtabmap-msgs==0.22.1
rtabmap-python==0.1.0
safetensors==0.8.0
scikit-image==0.25.2
scikit-learn==1.7.2
scipy==1.15.3
seaborn==0.13.2
sensor-msgs-py==5.3.6
sensor-msgs==5.3.6
service-msgs==2.0.3
shape-msgs==5.3.6
shellingham==1.5.4
simulation-interfaces==1.2.0
six==1.17.0
slam-toolbox==2.8.3
smclib==4.1.2
srdfdom==2.0.7
sros2==0.13.5
statistics-msgs==2.0.3
std-msgs==5.3.6
std-srvs==5.3.6
stereo-msgs==5.3.6
sympy==1.14.0
tabulate==0.10.0
teleop-twist-keyboard==2.4.1
tf2-geometry-msgs==0.36.19
tf2-kdl==0.36.19
tf2-msgs==0.36.19
tf2-py==0.36.19
tf2-ros-py==0.36.19
tf2-sensor-msgs==0.36.19
tf2-tools==0.36.19
threadpoolctl==3.6.0
tifffile==2025.5.10
timm==1.0.27
tokenizers==0.22.2
tomli==2.4.1
topic-monitor==0.33.9
topic-tools-interfaces==1.3.3
topic-tools==1.3.3
torch==2.12.1
torchmetrics==1.9.0
torchvision==0.27.1
tqdm==4.68.3
trajectory-msgs==5.3.6
transformers==5.12.1
triton==3.7.1
turtlebot3-msgs==2.4.0
turtlesim==1.8.3
type-description-interfaces==2.0.3
typer==0.25.1
typeshed_client==2.12.0
typing_extensions==4.15.0
tzdata==2026.2
unique-identifier-msgs==2.5.0
urdfdom-py==1.2.1
velodyne-msgs==2.5.1
vision-msgs==4.1.1
visualization-msgs==5.3.6
wcwidth==0.8.2
xacro==2.1.1
yarl==1.24.2
end_utc=2026-07-22T16:11:45Z
exit_code=0
