run_tag=nc_gpu_20260722_e7f1759
git_commit=e7f175990b02aa3cbdb7c92250d57c0272abef9d
start_utc=2026-07-22T16:14:01Z
command=/home/crl/miniconda3/envs/ad/bin/python tmp/preflight/dataset_preflight.py 
audit_scope=metadata_only
raw_data_downloaded=False
raw_data_modified=False
raw_data_redistributed=False
mvtec.configured_root=/home/crl/MoME/other/AD/data/mvtec
mvtec.expected_classes=bottle,cable,capsule,carpet,grid,hazelnut,leather,metal_nut,pill,screw,tile,toothbrush,transistor,wood,zipper
mvtec.expected_signature=bottle/train/good
mvtec.root_exists=False
mvtec.signature_exists=False
mvtec.audit_status=BLOCKED_MISSING_ROOT
mvtec.counts_split_masks=NOT_RUN
mvtec.support_evaluation_overlap=NOT_RUN
mvtec.local_license_verification=NOT_RUN
visa.configured_root=/home/crl/MoME/other/AD/data/visa
visa.expected_classes=candle,capsules,cashew,chewinggum,fryum,macaroni1,macaroni2,pcb1,pcb2,pcb3,pcb4,pipe_fryum
visa.expected_signature=split_csv/1cls.csv
visa.root_exists=False
visa.signature_exists=False
visa.audit_status=BLOCKED_MISSING_ROOT
visa.counts_split_masks=NOT_RUN
visa.support_evaluation_overlap=NOT_RUN
visa.local_license_verification=NOT_RUN
mpdd.configured_root=/home/crl/MoME/other/AD/data/mpdd
mpdd.expected_classes=bracket_black,bracket_brown,bracket_white,connector,metal_plate,tubes
mpdd.expected_signature=bracket_black/train/good
mpdd.root_exists=False
mpdd.signature_exists=False
mpdd.audit_status=BLOCKED_MISSING_ROOT
mpdd.counts_split_masks=NOT_RUN
mpdd.support_evaluation_overlap=NOT_RUN
mpdd.local_license_verification=NOT_RUN
missing_datasets=mvtec,visa,mpdd
overall_dataset_audit=BLOCKED
end_utc=2026-07-22T16:14:01Z
exit_code=3
