run_tag=nc_gpu_20260722_e7f1759
git_commit=e7f175990b02aa3cbdb7c92250d57c0272abef9d
start_utc=2026-07-22T16:23:21Z
command=bash -lc curl\ -fsSL\ https://hyper.ai/en/datasets/31541\ \|\ rg\ -o\ \'https\?\[\^\"\'\"\'\"\'\<\>\ \]+\|\[\^\"\'\"\'\"\'\<\>\ \]+\\.\(torrent\|zip\)\'\ \|\ rg\ -i\ \'mpdd\|torrent\|zip\|dataset\' 
https://hyper.ai/cn/datasets/31541
https://hyper.ai/en/datasets/31541
https://hyper.ai/ja/datasets/31541
https://hyper.ai/kr/datasets/31541
https://hyper.ai/cn/datasets/31541
https://hyper.ai/ar/datasets/31541
https://hyper.ai/fr/datasets/31541
https://hyper.ai/de/datasets/31541
https://hyper.ai/en/datasets/31541/opengraph-image?d7a798274fd837ef
https://hyper.ai/en/datasets/31541/opengraph-image?d7a798274fd837ef
https://app.hyper.ai/console/public/datasets/wQGMUbnYBE1/1/overview
https://github.com/stepanje/MPDD?tab=readme-ov-file
MPDD.zip
https://app.hyper.ai/console/public/datasets/wQGMUbnYBE1/1/overview
https://github.com/stepanje/MPDD?tab=readme-ov-file
MPDD.zip
https://hyper.ai/cn/datasets/31541\
https://hyper.ai/en/datasets/31541\
https://hyper.ai/ja/datasets/31541\
https://hyper.ai/kr/datasets/31541\
https://hyper.ai/cn/datasets/31541\
https://hyper.ai/ar/datasets/31541\
https://hyper.ai/fr/datasets/31541\
https://hyper.ai/de/datasets/31541\
https://hyper.ai/en/datasets/31541/opengraph-image?d7a798274fd837ef\
https://hyper.ai/en/datasets/31541/opengraph-image?d7a798274fd837ef\
https://app.hyper.ai/console/public/datasets/wQGMUbnYBE1/1/overview\
https://orion.hyper.ai/tracker/download?torrent=31759\
https://orion.hyper.ai/tracker/magnet?torrent=31759\
https://github.com/stepanje/MPDD?tab=readme-ov-file\
MPDD/data/MPDD.zip
end_utc=2026-07-22T16:23:24Z
exit_code=0
