run_tag=nc_gpu_20260722_e7f1759
git_commit=e7f175990b02aa3cbdb7c92250d57c0272abef9d
start_utc=2026-07-22T16:21:26Z
command=bash -lc curl\ -fsSL\ https://www.mvtec.com/research-teaching/datasets/mvtec-ad\ \|\ rg\ -o\ \'https\?\[\^\"\'\"\'\"\'\<\>\ \]+\|\[\^\"\'\"\'\"\'\<\>\ \]+\\.\(tar\\.xz\|zip\)\'\ \|\ rg\ -i\ \'mvtec\|anomaly\|dataset\|tar\|zip\' 
https://www.mvtec.com/fileadmin/Redaktion/mvtec.com/news/mvtec-default.png
https://www.mvtec.com/research-teaching/datasets/mvtec-ad
https://www.mvtec.com/fileadmin/Redaktion/mvtec.com/news/mvtec-default.png
https://matomo.mvtec.com/js/container_bLBegivv.js
https://downloads.mvtec.com
https://www.mvtec.com/research-teaching/datasets/mvtec-ad
https:\/\/www.mvtec.com\/
https:\/\/www.mvtec.com\/research-teaching
https:\/\/www.mvtec.com\/research-teaching\/datasets
https:\/\/www.mvtec.com\/research-teaching\/datasets\/mvtec-ad
https://www.mvtec.com/about-us
https://www.mvtec.com/career
https://www.mvtec.com/press
https://www.mvtec.com/contact
https://www.mvtec.com/login
https://www.mvtec.com/
https://www.mvtec.com/_assets/fa5d75f93fd301e76fbd9a7276a24d9e/Images/Assets/mvtec_logo.svg
https://www.mvtec.com/login
https://www.mvtec.com/products
https://www.mvtec.com/products
https://www.mvtec.com/products/halcon
https://www.mvtec.com/products/halcon
https://www.mvtec.com/products/halcon/features-tools
https://www.mvtec.com/products/halcon/documentation
https://www.mvtec.com/products/halcon/editions-licensing
https://www.mvtec.com/products/merlic
https://www.mvtec.com/products/merlic
https://www.mvtec.com/products/merlic/features-tools
https://www.mvtec.com/products/merlic/documentation
https://www.mvtec.com/products/merlic/licensing
https://www.mvtec.com/products/deep-learning-tool
https://www.mvtec.com/products/deep-learning-tool
https://www.mvtec.com/products/deep-learning-tool/features-workflows
https://www.mvtec.com/products/deep-learning-tool/editions-licensing
https://www.mvtec.com/products/deep-learning-tool/release-notes
https://www.mvtec.com/products/embedded-vision
https://www.mvtec.com/products/embedded-vision
https://www.mvtec.com/products/embedded-vision/porting-service
https://www.mvtec.com/products/campus-editions
https://www.mvtec.com/products/campus-editions
https://www.mvtec.com/products/campus-editions/student
https://www.mvtec.com/products/campus-editions/lecturer
https://www.mvtec.com/products/campus-editions/university
https://www.mvtec.com/downloads/interfaces
https://www.mvtec.com/downloads/interfaces
https://www.mvtec.com/products/calibration-plates
https://www.mvtec.com/products/calibration-plates
https://www.mvtec.com/services-support
https://www.mvtec.com/services-support
https://www.mvtec.com/services-support/individual-solutions
https://www.mvtec.com/services-support/individual-solutions
https://www.mvtec.com/services-support/individual-solutions/free-application-evaluation
https://www.mvtec.com/services-support/individual-solutions/feasibility-study
https://www.mvtec.com/services-support/individual-solutions/your-project
https://www.mvtec.com/services-support/training-learning
https://www.mvtec.com/services-support/training-learning
https://www.mvtec.com/services-support/training-learning/mvtec-academy
https://www.mvtec.com/knowledge-base/customer-specific-workshop
https://www.mvtec.com/services-support/training-learning/worldwide-trainings
https://www.mvtec.com/services-support/partner-network
https://www.mvtec.com/services-support/partner-network
https://www.mvtec.com/services-support/partner-network/halcon-sales-partners
https://www.mvtec.com/services-support/partner-network/merlic-sales-partners
https://www.mvtec.com/services-support/partner-network/certified-integration-partners
https://www.mvtec.com/services-support/partner-network/technology-partners
https://www.mvtec.com/services-support/technical-support
https://www.mvtec.com/services-support/technical-support
https://www.mvtec.com/application-areas
https://www.mvtec.com/application-areas
https://www.mvtec.com/application-areas/applications
https://www.mvtec.com/application-areas/applications
https://www.mvtec.com/application-areas/applications/quality-inspection
https://www.mvtec.com/application-areas/applications/object-recognition
https://www.mvtec.com/application-areas/applications/measuring
https://www.mvtec.com/application-areas/applications/identification
https://www.mvtec.com/application-areas/applications/3d-matching
https://www.mvtec.com/application-areas/industries
https://www.mvtec.com/application-areas/industries
https://www.mvtec.com/application-areas/industries/agriculture
https://www.mvtec.com/application-areas/industries/automotive-robotics
https://www.mvtec.com/application-areas/industries/battery-production
https://www.mvtec.com/application-areas/industries/education-research-science
https://www.mvtec.com/application-areas/industries/electric-components-solar
https://www.mvtec.com/application-areas/industries/food-beverage
https://www.mvtec.com/application-areas/industries/glass-metal-paper-foil-printing
https://www.mvtec.com/application-areas/industries/industrial-internet-of-things
https://www.mvtec.com/application-areas/industries/intralogistics-automated-warehouses
https://www.mvtec.com/application-areas/industries/machinery
https://www.mvtec.com/application-areas/industries/medical-supplies-pharmaceuticals
https://www.mvtec.com/application-areas/industries/semiconductors
https://www.mvtec.com/application-areas/success-stories
https://www.mvtec.com/application-areas/success-stories
https://www.mvtec.com/application-areas/white-paper
https://www.mvtec.com/application-areas/white-paper
https://www.mvtec.com/knowledge-base
https://www.mvtec.com/knowledge-base
https://www.mvtec.com/knowledge-base/product-documentation
https://www.mvtec.com/knowledge-base/product-documentation
https://www.mvtec.com/knowledge-base/videos-tutorials
https://www.mvtec.com/knowledge-base/videos-tutorials
https://www.mvtec.com/knowledge-base/technologies
https://www.mvtec.com/knowledge-base/technologies
https://www.mvtec.com/knowledge-base/technologies/3d-vision
https://www.mvtec.com/knowledge-base/technologies/bar-code-2d-code-reading
https://www.mvtec.com/knowledge-base/technologies/blob-analysis
https://www.mvtec.com/knowledge-base/technologies/classification
https://www.mvtec.com/knowledge-base/technologies/computational-imaging
https://www.mvtec.com/knowledge-base/technologies/deep-learning
https://www.mvtec.com/knowledge-base/technologies/filtering
https://www.mvtec.com/knowledge-base/technologies/inspection
https://www.mvtec.com/knowledge-base/technologies/matching
https://www.mvtec.com/knowledge-base/technologies/measuring
https://www.mvtec.com/knowledge-base/technologies/morphology
https://www.mvtec.com/knowledge-base/technologies/ocr
https://www.mvtec.com/knowledge-base/technologies/subpixel
https://www.mvtec.com/knowledge-base/news
https://www.mvtec.com/knowledge-base/news
https://www.mvtec.com/knowledge-base/events
https://www.mvtec.com/knowledge-base/events
https://www.mvtec.com/knowledge-base/machine-vision-insights
https://www.mvtec.com/knowledge-base/machine-vision-insights
https://www.mvtec.com/knowledge-base/developers-corner
https://www.mvtec.com/knowledge-base/developers-corner
https://www.mvtec.com/research-teaching
https://www.mvtec.com/research-teaching
https://www.mvtec.com/research-teaching/datasets
https://www.mvtec.com/research-teaching/datasets
https://www.mvtec.com/research-teaching/datasets/mvtec-ad
https://www.mvtec.com/research-teaching/datasets/mvtec-ad-2
https://www.mvtec.com/research-teaching/datasets/mvtec-3d-ad
https://www.mvtec.com/research-teaching/datasets/mvtec-loco-ad
https://www.mvtec.com/research-teaching/datasets/mvtec-d2s
https://www.mvtec.com/research-teaching/datasets/mvtec-itodd
https://www.mvtec.com/research-teaching/datasets/mvtec-mv-ball
https://www.mvtec.com/research-teaching/datasets/mvtec-screws
https://www.mvtec.com/research-teaching/datasets/mvtec-tracker-evaluation
https://www.mvtec.com/research-teaching/publications
https://www.mvtec.com/research-teaching/publications
https://www.mvtec.com/products/campus-editions
https://www.mvtec.com/products/campus-editions
https://www.mvtec.com/downloads
https://www.mvtec.com/downloads
https://www.mvtec.com/downloads/software-manager
https://www.mvtec.com/downloads/software-manager
https://www.mvtec.com/downloads/halcon
https://www.mvtec.com/downloads/halcon
https://www.mvtec.com/downloads/merlic
https://www.mvtec.com/downloads/merlic
https://www.mvtec.com/downloads/deep-learning-tool
https://www.mvtec.com/downloads/deep-learning-tool
https://www.mvtec.com/downloads/interfaces
https://www.mvtec.com/downloads/interfaces
https://www.mvtec.com/about-us
https://www.mvtec.com/career
https://www.mvtec.com/press
https://www.mvtec.com/contact
https://www.mvtec.com/
https://www.mvtec.com/research-teaching
https://www.mvtec.com/research-teaching
https://www.mvtec.com/research-teaching/datasets
https://www.mvtec.com/research-teaching/publications
https://www.mvtec.com/products/campus-editions
https://www.mvtec.com/research-teaching/datasets
https://www.mvtec.com/research-teaching/datasets
https://www.mvtec.com/research-teaching/datasets/mvtec-ad
https://www.mvtec.com/research-teaching/datasets/mvtec-ad-2
https://www.mvtec.com/research-teaching/datasets/mvtec-3d-ad
https://www.mvtec.com/research-teaching/datasets/mvtec-loco-ad
https://www.mvtec.com/research-teaching/datasets/mvtec-d2s
https://www.mvtec.com/research-teaching/datasets/mvtec-itodd
https://www.mvtec.com/research-teaching/datasets/mvtec-mv-ball
https://www.mvtec.com/research-teaching/datasets/mvtec-screws
https://www.mvtec.com/research-teaching/datasets/mvtec-tracker-evaluation
https://www.mvtec.com/research-teaching/datasets/mvtec-ad
https://www.mvtec.com/fileadmin/_processed_/0/4/csm_teaser_image_dataset_anomaly_detection_d24b9707cd.webp
https://www.mvtec.com/fileadmin/_processed_/0/4/csm_teaser_image_dataset_anomaly_detection_0d839f1cd0.webp
https://www.mvtec.com/fileadmin/_processed_/0/4/csm_teaser_image_dataset_anomaly_detection_6308ae803a.webp,
https://www.mvtec.com/fileadmin/_processed_/0/4/csm_teaser_image_dataset_anomaly_detection_d238c167a1.webp
https://www.mvtec.com/fileadmin/_processed_/0/4/csm_teaser_image_dataset_anomaly_detection_b7de33b91e.webp
https://www.mydrive.ch/shares/150450/bb24b914a28ddd2b5e35bd53d23177cd/download/439517473-1665675012/mvtec_ad_evaluation.tar.xz
https://www.mvtec.com/services-support/partner-network
https://www.mvtec.com/services-support/partner-network/certified-integration-partners
https://www.mvtec.com/downloads
https://www.mvtec.com/imprint
https://www.mvtec.com/terms-and-conditions
https://www.mvtec.com/privacy-policy
https://www.mvtec.com/cybersecurity
https://shop.mvtec.com/de
https://www.youtube.com/mvtecsoftware
https://www.linkedin.com/company/mvtec-software-gmbh
https://www.mvtec.com/cn/wechat/
https://www.mvtec.com/rss
https://www.mvtec.com/_assets/fa5d75f93fd301e76fbd9a7276a24d9e/Images/Assets/mvtec_logo.svg
end_utc=2026-07-22T16:21:27Z
exit_code=0
