This is pdfTeX, Version 3.141592653-2.6-1.40.27 (TeX Live 2025/Homebrew) (preloaded format=pdflatex 2025.10.12)  28 JUL 2026 11:24
entering extended mode
 restricted \write18 enabled.
 %&-line parsing enabled.
**main.tex
(./main.tex
LaTeX2e <2024-11-01> patch level 2
L3 programming layer <2025-01-18>
(./cas-dc.cls
Document Class: cas-dc 2024/05/04, 2.4: Formatting class for CAS double column 
articles
\c@blind=\count196
\@bls=\dimen141

(/home/linuxbrew/.linuxbrew/Cellar/texlive/20250308_1/share/texmf-dist/tex/late
x/base/article.cls
Document Class: article 2024/06/29 v1.4n Standard LaTeX document class

(/home/linuxbrew/.linuxbrew/Cellar/texlive/20250308_1/share/texmf-dist/tex/late
x/base/fleqn.clo
File: fleqn.clo 2016/12/29 v1.2b Standard LaTeX option (flush left equations)
\mathindent=\skip49
Applying: [2015/01/01] Make \[ robust on input line 50.
LaTeX Info: Redefining \[ on input line 51.
Already applied: [0000/00/00] Make \[ robust on input line 62.
Applying: [2015/01/01] Make \] robust on input line 74.
LaTeX Info: Redefining \] on input line 75.
Already applied: [0000/00/00] Make \] robust on input line 83.
)
(/home/linuxbrew/.linuxbrew/Cellar/texlive/20250308_1/share/texmf-dist/tex/late
x/base/size10.clo
File: size10.clo 2024/06/29 v1.4n Standard LaTeX file (size option)
)
\c@part=\count197
\c@section=\count198
\c@subsection=\count199
\c@subsubsection=\count266
\c@paragraph=\count267
\c@subparagraph=\count268
\c@figure=\count269
\c@table=\count270
\abovecaptionskip=\skip50
\belowcaptionskip=\skip51
\bibindent=\dimen142
)
(/home/linuxbrew/.linuxbrew/Cellar/texlive/20250308_1/share/texmf-dist/tex/late
x/graphics/graphicx.sty
Package: graphicx 2021/09/16 v1.2d Enhanced LaTeX Graphics (DPC,SPQR)

(/home/linuxbrew/.linuxbrew/Cellar/texlive/20250308_1/share/texmf-dist/tex/late
x/graphics/keyval.sty
Package: keyval 2022/05/29 v1.15 key=value parser (DPC)
\KV@toks@=\toks17
)
(/home/linuxbrew/.linuxbrew/Cellar/texlive/20250308_1/share/texmf-dist/tex/late
x/graphics/graphics.sty
Package: graphics 2024/08/06 v1.4g Standard LaTeX Graphics (DPC,SPQR)

(/home/linuxbrew/.linuxbrew/Cellar/texlive/20250308_1/share/texmf-dist/tex/late
x/graphics/trig.sty
Package: trig 2023/12/02 v1.11 sin cos tan (DPC)
)
(/home/linuxbrew/.linuxbrew/Cellar/texlive/20250308_1/share/texmf-dist/tex/late
x/graphics-cfg/graphics.cfg
File: graphics.cfg 2016/06/04 v1.11 sample graphics configuration
)
Package graphics Info: Driver file: pdftex.def on input line 106.

(/home/linuxbrew/.linuxbrew/Cellar/texlive/20250308_1/share/texmf-dist/tex/late
x/graphics-def/pdftex.def
File: pdftex.def 2024/04/13 v1.2c Graphics/color driver for pdftex
))
\Gin@req@height=\dimen143
\Gin@req@width=\dimen144
)
(/home/linuxbrew/.linuxbrew/Cellar/texlive/20250308_1/share/texmf-dist/tex/late
x/amsmath/amsmath.sty
Package: amsmath 2024/11/05 v2.17t AMS math features
\@mathmargin=\skip52

For additional information on amsmath, use the `?' option.

(/home/linuxbrew/.linuxbrew/Cellar/texlive/20250308_1/share/texmf-dist/tex/late
x/amsmath/amstext.sty
Package: amstext 2021/08/26 v2.01 AMS text

(/home/linuxbrew/.linuxbrew/Cellar/texlive/20250308_1/share/texmf-dist/tex/late
x/amsmath/amsgen.sty
File: amsgen.sty 1999/11/30 v2.0 generic functions
\@emptytoks=\toks18
\ex@=\dimen145
))
(/home/linuxbrew/.linuxbrew/Cellar/texlive/20250308_1/share/texmf-dist/tex/late
x/amsmath/amsbsy.sty
Package: amsbsy 1999/11/29 v1.2d Bold Symbols
\pmbraise@=\dimen146
)
(/home/linuxbrew/.linuxbrew/Cellar/texlive/20250308_1/share/texmf-dist/tex/late
x/amsmath/amsopn.sty
Package: amsopn 2022/04/08 v2.04 operator names
)
\inf@bad=\count271
LaTeX Info: Redefining \frac on input line 233.
\uproot@=\count272
\leftroot@=\count273
LaTeX Info: Redefining \overline on input line 398.
LaTeX Info: Redefining \colon on input line 409.
\classnum@=\count274
\DOTSCASE@=\count275
LaTeX Info: Redefining \ldots on input line 495.
LaTeX Info: Redefining \dots on input line 498.
LaTeX Info: Redefining \cdots on input line 619.
\Mathstrutbox@=\box52
\strutbox@=\box53
LaTeX Info: Redefining \big on input line 721.
LaTeX Info: Redefining \Big on input line 722.
LaTeX Info: Redefining \bigg on input line 723.
LaTeX Info: Redefining \Bigg on input line 724.
\big@size=\dimen147
LaTeX Font Info:    Redeclaring font encoding OML on input line 742.
LaTeX Font Info:    Redeclaring font encoding OMS on input line 743.
\macc@depth=\count276
LaTeX Info: Redefining \bmod on input line 904.
LaTeX Info: Redefining \pmod on input line 909.
LaTeX Info: Redefining \smash on input line 939.
LaTeX Info: Redefining \relbar on input line 969.
LaTeX Info: Redefining \Relbar on input line 970.
\c@MaxMatrixCols=\count277
\dotsspace@=\muskip17
\c@parentequation=\count278
\dspbrk@lvl=\count279
\tag@help=\toks19
\row@=\count280
\column@=\count281
\maxfields@=\count282
\andhelp@=\toks20
\eqnshift@=\dimen148
\alignsep@=\dimen149
\tagshift@=\dimen150
\tagwidth@=\dimen151
\totwidth@=\dimen152
\lineht@=\dimen153
\@envbody=\toks21
\multlinegap=\skip53
\multlinetaggap=\skip54
\mathdisplay@stack=\toks22
LaTeX Info: Redefining \[ on input line 2953.
LaTeX Info: Redefining \] on input line 2954.
)
(/home/linuxbrew/.linuxbrew/Cellar/texlive/20250308_1/share/texmf-dist/tex/late
x/amsfonts/amsfonts.sty
Package: amsfonts 2013/01/14 v3.01 Basic AMSFonts support
\symAMSa=\mathgroup4
\symAMSb=\mathgroup5
LaTeX Font Info:    Redeclaring math symbol \hbar on input line 98.
LaTeX Font Info:    Overwriting math alphabet `\mathfrak' in version `bold'
(Font)                  U/euf/m/n --> U/euf/b/n on input line 106.
)
(/home/linuxbrew/.linuxbrew/Cellar/texlive/20250308_1/share/texmf-dist/tex/late
x/amsfonts/amssymb.sty
Package: amssymb 2013/01/14 v3.01 AMS font symbols
)
(/home/linuxbrew/.linuxbrew/Cellar/texlive/20250308_1/share/texmf-dist/tex/late
x/l3kernel/expl3.sty
Package: expl3 2025-01-18 L3 programming layer (loader) 

(/home/linuxbrew/.linuxbrew/Cellar/texlive/20250308_1/share/texmf-dist/tex/late
x/l3backend/l3backend-pdftex.def
File: l3backend-pdftex.def 2024-05-08 L3 backend support: PDF output (pdfTeX)
\l__color_backend_stack_int=\count283
\l__pdf_internal_box=\box54
))
(/home/linuxbrew/.linuxbrew/Cellar/texlive/20250308_1/share/texmf-dist/tex/late
x/l3packages/xparse/xparse.sty
Package: xparse 2024-08-16 L3 Experimental document command parser
)
(/home/linuxbrew/.linuxbrew/Cellar/texlive/20250308_1/share/texmf-dist/tex/late
x/etoolbox/etoolbox.sty
Package: etoolbox 2025/02/11 v2.5l e-TeX tools for LaTeX (JAW)
\etb@tempcnta=\count284
)
(/home/linuxbrew/.linuxbrew/Cellar/texlive/20250308_1/share/texmf-dist/tex/late
x/preprint/balance.sty
Package: balance 1999/02/23 4.3 (PWD)
\oldvsize=\dimen154
)
(/home/linuxbrew/.linuxbrew/Cellar/texlive/20250308_1/share/texmf-dist/tex/late
x/booktabs/booktabs.sty
Package: booktabs 2020/01/12 v1.61803398 Publication quality tables
\heavyrulewidth=\dimen155
\lightrulewidth=\dimen156
\cmidrulewidth=\dimen157
\belowrulesep=\dimen158
\belowbottomsep=\dimen159
\aboverulesep=\dimen160
\abovetopsep=\dimen161
\cmidrulesep=\dimen162
\cmidrulekern=\dimen163
\defaultaddspace=\dimen164
\@cmidla=\count285
\@cmidlb=\count286
\@aboverulesep=\dimen165
\@belowrulesep=\dimen166
\@thisruleclass=\count287
\@lastruleclass=\count288
\@thisrulewidth=\dimen167
)
(/home/linuxbrew/.linuxbrew/Cellar/texlive/20250308_1/share/texmf-dist/tex/late
x/makecell/makecell.sty
Package: makecell 2009/08/03 V0.1e Managing of Tab Column Heads and Cells

(/home/linuxbrew/.linuxbrew/Cellar/texlive/20250308_1/share/texmf-dist/tex/late
x/tools/array.sty
Package: array 2024/10/17 v2.6g Tabular extension package (FMi)
\col@sep=\dimen168
\ar@mcellbox=\box55
\extrarowheight=\dimen169
\NC@list=\toks23
\extratabsurround=\skip55
\backup@length=\skip56
\ar@cellbox=\box56
)
\rotheadsize=\dimen170
\c@nlinenum=\count289
\TeXr@lab=\toks24
)
(/home/linuxbrew/.linuxbrew/Cellar/texlive/20250308_1/share/texmf-dist/tex/late
x/multirow/multirow.sty
Package: multirow 2024/11/12 v2.9 Span multiple rows of a table
\multirow@colwidth=\skip57
\multirow@cntb=\count290
\multirow@dima=\skip58
\bigstrutjot=\dimen171
)
(/home/linuxbrew/.linuxbrew/Cellar/texlive/20250308_1/share/texmf-dist/tex/late
x/colortbl/colortbl.sty
Package: colortbl 2024/07/06 v1.0i Color table columns (DPC)

(/home/linuxbrew/.linuxbrew/Cellar/texlive/20250308_1/share/texmf-dist/tex/late
x/graphics/color.sty
Package: color 2024/06/23 v1.3e Standard LaTeX Color (DPC)

(/home/linuxbrew/.linuxbrew/Cellar/texlive/20250308_1/share/texmf-dist/tex/late
x/graphics-cfg/color.cfg
File: color.cfg 2016/01/02 v1.6 sample color configuration
)
Package color Info: Driver file: pdftex.def on input line 149.

(/home/linuxbrew/.linuxbrew/Cellar/texlive/20250308_1/share/texmf-dist/tex/late
x/graphics/mathcolor.ltx))
\everycr=\toks25
\minrowclearance=\skip59
\rownum=\count291
)
(/home/linuxbrew/.linuxbrew/Cellar/texlive/20250308_1/share/texmf-dist/tex/late
x/tools/dcolumn.sty
Package: dcolumn 2023/07/08 v1.06 decimal alignment package (DPC)
)
(/home/linuxbrew/.linuxbrew/Cellar/texlive/20250308_1/share/texmf-dist/tex/late
x/sttools/stfloats.sty
Package: stfloats 2017/03/27 v3.3 Improve float mechanism and baselineskip sett
ings
\@dblbotnum=\count292
\c@dblbotnumber=\count293
)
(/home/linuxbrew/.linuxbrew/Cellar/texlive/20250308_1/share/texmf-dist/tex/late
x/tools/xspace.sty
Package: xspace 2014/10/28 v1.13 Space after command names (DPC,MH)
)
(/home/linuxbrew/.linuxbrew/Cellar/texlive/20250308_1/share/texmf-dist/tex/gene
ric/xstring/xstring.sty
(/home/linuxbrew/.linuxbrew/Cellar/texlive/20250308_1/share/texmf-dist/tex/gene
ric/xstring/xstring.tex
\xs_counta=\count294
\xs_countb=\count295
)
Package: xstring 2023/08/22 v1.86 String manipulations (CT)
)
(/home/linuxbrew/.linuxbrew/Cellar/texlive/20250308_1/share/texmf-dist/tex/late
x/footmisc/footmisc.sty
Package: footmisc 2024/12/24 v6.0g a miscellany of footnote facilities
\FN@temptoken=\toks26
\footnotemargin=\dimen172
\@outputbox@depth=\dimen173
Package footmisc Info: Declaring symbol style bringhurst on input line 699.
Package footmisc Info: Declaring symbol style chicago on input line 707.
Package footmisc Info: Declaring symbol style wiley on input line 716.
Package footmisc Info: Declaring symbol style lamport-robust on input line 727.

Package footmisc Info: Declaring symbol style lamport* on input line 747.
Package footmisc Info: Declaring symbol style lamport*-robust on input line 768
.
)
(/home/linuxbrew/.linuxbrew/Cellar/texlive/20250308_1/share/texmf-dist/tex/late
x/xcolor/xcolor.sty
Package: xcolor 2024/09/29 v3.02 LaTeX color extensions (UK)

(/home/linuxbrew/.linuxbrew/Cellar/texlive/20250308_1/share/texmf-dist/tex/late
x/graphics-cfg/color.cfg
File: color.cfg 2016/01/02 v1.6 sample color configuration
)
Package xcolor Info: Driver file: pdftex.def on input line 274.
LaTeX Info: Redefining \color on input line 762.

(/home/linuxbrew/.linuxbrew/Cellar/texlive/20250308_1/share/texmf-dist/tex/late
x/graphics/mathcolor.ltx)
Package xcolor Info: Model `cmy' substituted by `cmy0' on input line 1349.
Package xcolor Info: Model `hsb' substituted by `rgb' on input line 1353.
Package xcolor Info: Model `RGB' extended on input line 1365.
Package xcolor Info: Model `HTML' substituted by `rgb' on input line 1367.
Package xcolor Info: Model `Hsb' substituted by `hsb' on input line 1368.
Package xcolor Info: Model `tHsb' substituted by `hsb' on input line 1369.
Package xcolor Info: Model `HSB' substituted by `hsb' on input line 1370.
Package xcolor Info: Model `Gray' substituted by `gray' on input line 1371.
Package xcolor Info: Model `wave' substituted by `hsb' on input line 1372.
)
(/home/linuxbrew/.linuxbrew/Cellar/texlive/20250308_1/share/texmf-dist/tex/late
x/xcolor/svgnam.def
File: svgnam.def 2024/09/29 v3.02 Predefined colors according to SVG 1.1 (UK)
)
(/home/linuxbrew/.linuxbrew/Cellar/texlive/20250308_1/share/texmf-dist/tex/late
x/graphics/dvipsnam.def
File: dvipsnam.def 2016/06/17 v3.0m Driver-dependent file (DPC,SPQR)
)
(/home/linuxbrew/.linuxbrew/Cellar/texlive/20250308_1/share/texmf-dist/tex/late
x/hyperref/hyperref.sty
Package: hyperref 2024-11-05 v7.01l Hypertext links for LaTeX

(/home/linuxbrew/.linuxbrew/Cellar/texlive/20250308_1/share/texmf-dist/tex/gene
ric/iftex/iftex.sty
Package: iftex 2024/12/12 v1.0g TeX engine tests
)
(/home/linuxbrew/.linuxbrew/Cellar/texlive/20250308_1/share/texmf-dist/tex/late
x/kvsetkeys/kvsetkeys.sty
Package: kvsetkeys 2022-10-05 v1.19 Key value parser (HO)
)
(/home/linuxbrew/.linuxbrew/Cellar/texlive/20250308_1/share/texmf-dist/tex/gene
ric/kvdefinekeys/kvdefinekeys.sty
Package: kvdefinekeys 2019-12-19 v1.6 Define keys (HO)
)
(/home/linuxbrew/.linuxbrew/Cellar/texlive/20250308_1/share/texmf-dist/tex/gene
ric/pdfescape/pdfescape.sty
Package: pdfescape 2019/12/09 v1.15 Implements pdfTeX's escape features (HO)

(/home/linuxbrew/.linuxbrew/Cellar/texlive/20250308_1/share/texmf-dist/tex/gene
ric/ltxcmds/ltxcmds.sty
Package: ltxcmds 2023-12-04 v1.26 LaTeX kernel commands for general use (HO)
)
(/home/linuxbrew/.linuxbrew/Cellar/texlive/20250308_1/share/texmf-dist/tex/gene
ric/pdftexcmds/pdftexcmds.sty
Package: pdftexcmds 2020-06-27 v0.33 Utility functions of pdfTeX for LuaTeX (HO
)

(/home/linuxbrew/.linuxbrew/Cellar/texlive/20250308_1/share/texmf-dist/tex/gene
ric/infwarerr/infwarerr.sty
Package: infwarerr 2019/12/03 v1.5 Providing info/warning/error messages (HO)
)
Package pdftexcmds Info: \pdf@primitive is available.
Package pdftexcmds Info: \pdf@ifprimitive is available.
Package pdftexcmds Info: \pdfdraftmode found.
))
(/home/linuxbrew/.linuxbrew/Cellar/texlive/20250308_1/share/texmf-dist/tex/late
x/hycolor/hycolor.sty
Package: hycolor 2020-01-27 v1.10 Color options for hyperref/bookmark (HO)
)
(/home/linuxbrew/.linuxbrew/Cellar/texlive/20250308_1/share/texmf-dist/tex/late
x/hyperref/nameref.sty
Package: nameref 2023-11-26 v2.56 Cross-referencing by name of section

(/home/linuxbrew/.linuxbrew/Cellar/texlive/20250308_1/share/texmf-dist/tex/late
x/refcount/refcount.sty
Package: refcount 2019/12/15 v3.6 Data extraction from label references (HO)
)
(/home/linuxbrew/.linuxbrew/Cellar/texlive/20250308_1/share/texmf-dist/tex/gene
ric/gettitlestring/gettitlestring.sty
Package: gettitlestring 2019/12/15 v1.6 Cleanup title references (HO)

(/home/linuxbrew/.linuxbrew/Cellar/texlive/20250308_1/share/texmf-dist/tex/late
x/kvoptions/kvoptions.sty
Package: kvoptions 2022-06-15 v3.15 Key value format for package options (HO)
))
\c@section@level=\count296
)
(/home/linuxbrew/.linuxbrew/Cellar/texlive/20250308_1/share/texmf-dist/tex/gene
ric/stringenc/stringenc.sty
Package: stringenc 2019/11/29 v1.12 Convert strings between diff. encodings (HO
)
)
\@linkdim=\dimen174
\Hy@linkcounter=\count297
\Hy@pagecounter=\count298

(/home/linuxbrew/.linuxbrew/Cellar/texlive/20250308_1/share/texmf-dist/tex/late
x/hyperref/pd1enc.def
File: pd1enc.def 2024-11-05 v7.01l Hyperref: PDFDocEncoding definition (HO)
Now handling font encoding PD1 ...
... no UTF-8 mapping file for font encoding PD1
)
(/home/linuxbrew/.linuxbrew/Cellar/texlive/20250308_1/share/texmf-dist/tex/gene
ric/intcalc/intcalc.sty
Package: intcalc 2019/12/15 v1.3 Expandable calculations with integers (HO)
)
\Hy@SavedSpaceFactor=\count299

(/home/linuxbrew/.linuxbrew/Cellar/texlive/20250308_1/share/texmf-dist/tex/late
x/hyperref/puenc.def
File: puenc.def 2024-11-05 v7.01l Hyperref: PDF Unicode definition (HO)
Now handling font encoding PU ...
... no UTF-8 mapping file for font encoding PU
)
Package hyperref Info: Option `colorlinks' set `true' on input line 4040.
Package hyperref Info: Hyper figures OFF on input line 4157.
Package hyperref Info: Link nesting OFF on input line 4162.
Package hyperref Info: Hyper index ON on input line 4165.
Package hyperref Info: Plain pages OFF on input line 4172.
Package hyperref Info: Backreferencing OFF on input line 4177.
Package hyperref Info: Implicit mode ON; LaTeX internals redefined.
Package hyperref Info: Bookmarks ON on input line 4424.
\c@Hy@tempcnt=\count300

(/home/linuxbrew/.linuxbrew/Cellar/texlive/20250308_1/share/texmf-dist/tex/late
x/url/url.sty
\Urlmuskip=\muskip18
Package: url 2013/09/16  ver 3.4  Verb mode for urls, etc.
)
LaTeX Info: Redefining \url on input line 4763.
\XeTeXLinkMargin=\dimen175

(/home/linuxbrew/.linuxbrew/Cellar/texlive/20250308_1/share/texmf-dist/tex/gene
ric/bitset/bitset.sty
Package: bitset 2019/12/09 v1.3 Handle bit-vector datatype (HO)

(/home/linuxbrew/.linuxbrew/Cellar/texlive/20250308_1/share/texmf-dist/tex/gene
ric/bigintcalc/bigintcalc.sty
Package: bigintcalc 2019/12/15 v1.5 Expandable calculations on big integers (HO
)
))
\Fld@menulength=\count301
\Field@Width=\dimen176
\Fld@charsize=\dimen177
Package hyperref Info: Hyper figures OFF on input line 6042.
Package hyperref Info: Link nesting OFF on input line 6047.
Package hyperref Info: Hyper index ON on input line 6050.
Package hyperref Info: backreferencing OFF on input line 6057.
Package hyperref Info: Link coloring ON on input line 6060.
Package hyperref Info: Link coloring with OCG OFF on input line 6067.
Package hyperref Info: PDF/A mode OFF on input line 6072.

(/home/linuxbrew/.linuxbrew/Cellar/texlive/20250308_1/share/texmf-dist/tex/late
x/base/atbegshi-ltx.sty
Package: atbegshi-ltx 2021/01/10 v1.0c Emulation of the original atbegshi
package with kernel methods
)
\Hy@abspage=\count302
\c@Item=\count303
\c@Hfootnote=\count304
)
Package hyperref Info: Driver (autodetected): hpdftex.

(/home/linuxbrew/.linuxbrew/Cellar/texlive/20250308_1/share/texmf-dist/tex/late
x/hyperref/hpdftex.def
File: hpdftex.def 2024-11-05 v7.01l Hyperref driver for pdfTeX

(/home/linuxbrew/.linuxbrew/Cellar/texlive/20250308_1/share/texmf-dist/tex/late
x/base/atveryend-ltx.sty
Package: atveryend-ltx 2020/08/19 v1.0a Emulation of the original atveryend pac
kage
with kernel methods
)
\Fld@listcount=\count305
\c@bookmark@seq@number=\count306

(/home/linuxbrew/.linuxbrew/Cellar/texlive/20250308_1/share/texmf-dist/tex/late
x/rerunfilecheck/rerunfilecheck.sty
Package: rerunfilecheck 2022-07-10 v1.10 Rerun checks for auxiliary files (HO)

(/home/linuxbrew/.linuxbrew/Cellar/texlive/20250308_1/share/texmf-dist/tex/gene
ric/uniquecounter/uniquecounter.sty
Package: uniquecounter 2019/12/15 v1.4 Provide unlimited unique counter (HO)
)
Package uniquecounter Info: New unique counter `rerunfilecheck' on input line 2
85.
)
\Hy@SectionHShift=\skip60
) (./cas-common.sty
\l_stm_title_before_dim=\dimen178
\l_stm_title_after_dim=\dimen179
\g_ead_int=\count307
\g_uad_int=\count308
\@eadauthor=\toks27
\g_stm_tnote_int=\count309
\g_stm_fnote_int=\count310
\g_stm_cor_int=\count311
\g_stm_au_int=\count312
\g_stm_aau_int=\count313
\l_autype_int=\count314
\l_stm_augroup_before_dim=\dimen180
\l_stm_augroup_after_dim=\dimen181
\l_stm_augroup_lskip_tl=\dimen182
\l_stm_augroup_rskip_tl=\dimen183
\g_stm_aff_int=\count315
\g_stm_aff_ext_int=\count316
\g_stm_aff_int_int=\count317
\g_stm_fn_aff_ext_int=\count318
\g_stm_fn_aff_int_int=\count319
\l_stm_aff_before_dim=\dimen184
\l_stm_aff_after_dim=\dimen185
\l_stm_aff_lskip_dim=\dimen186
\l_stm_aff_rskip_dim=\dimen187
\g_stm_augr_int=\count320
\g_stm_aaugr_int=\count321

(/home/linuxbrew/.linuxbrew/Cellar/texlive/20250308_1/share/texmf-dist/tex/late
x/moreverb/moreverb.sty
Package: moreverb 2008/06/03 v2.3a `more' verbatim facilities

(/home/linuxbrew/.linuxbrew/Cellar/texlive/20250308_1/share/texmf-dist/tex/late
x/tools/verbatim.sty
Package: verbatim 2024-01-22 v1.5x LaTeX2e package for verbatim enhancements
\every@verbatim=\toks28
\verbatim@line=\toks29
\verbatim@in@stream=\read2
)
\tab@position=\count322
\tab@size=\count323
\listing@line=\count324
)
\g_stm_abs_box=\box57
\casgrabsbox=\box58
\casauhlbox=\box59
\g_stm_key_box=\box60
\g_stm_jtype_int=\count325
\g_stm_blind_int=\count326
\c@au=\count327
\c@cnote=\count328
\c@tnote=\count329
\c@fnote=\count330
\c@aff=\count331
\g_stm_notes_box=\box61
\g_stm_front_box=\box62
\paraindent=\dimen188
\subparaindent=\dimen189
\FullWidth=\dimen190
\l_tbl_width_dim=\dimen191
\l_tbl_abovecap_skip=\skip61
\l_tbl_belowcap_skip=\skip62
\l_tbl_abovetbl_skip=\skip63
\l_tbl_belowtbl_skip=\skip64
\l_fig_width_dim=\dimen192
\cascaptionbox=\box63
\l_fig_abovecap_skip=\skip65
\l_fig_belowcap_skip=\skip66
\l_fig_abovefig_skip=\skip67
\l_fig_belowfig_skip=\skip68

(/home/linuxbrew/.linuxbrew/Cellar/texlive/20250308_1/share/texmf-dist/tex/late
x/wrapfig/wrapfig.sty
\wrapoverhang=\dimen193
\WF@size=\dimen194
\c@WF@wrappedlines=\count332
\WF@box=\box64
\WF@everypar=\toks30
Package: wrapfig 2003/01/31  v 3.6
)
\l_wrap_figwidth_dim=\dimen195
\l_wrap_fighspace_dim=\dimen196
\l_wrap_figvspace_dim=\dimen197
\l_wrap_fighcorr_dim=\dimen198
\l_wrap_figvcorr_dim=\dimen199
\l_above_bio_dim=\dimen256
\l_wrap_figlcorr_int=\count333
\l_wrap_figlines_int=\count334
\l_bio_text_box=\box65
\c@ca_biography_ctr=\count335
\l_ca_temp_inta=\count336
\leftMargin=\dimen257
\@enLab=\toks31
\@sep=\skip69
\@@sep=\skip70
)
(/home/linuxbrew/.linuxbrew/Cellar/texlive/20250308_1/share/texmf-dist/tex/late
x/base/fontenc.sty
Package: fontenc 2021/04/29 v2.0v Standard LaTeX package
)
(/home/linuxbrew/.linuxbrew/Cellar/texlive/20250308_1/share/texmf-dist/tex/late
x/stix/stix.sty
Package: stix 2018/04/17 v1.1.3-latex STIX fonts support package

(/home/linuxbrew/.linuxbrew/Cellar/texlive/20250308_1/share/texmf-dist/tex/late
x/base/textcomp.sty
Package: textcomp 2024/04/24 v2.1b Standard LaTeX package
LaTeX Font Info:    Changing ? sub-encoding to TS1/0 on input line 75.
)
Now handling font encoding LS1 ...
... no UTF-8 mapping file for font encoding LS1
Now handling font encoding LS2 ...
... no UTF-8 mapping file for font encoding LS2
LaTeX Font Info:    Redeclaring symbol font `letters' on input line 76.
LaTeX Font Info:    Encoding `OML' has changed to `LS1' for symbol font
(Font)              `letters' in the math version `normal' on input line 76.
LaTeX Font Info:    Overwriting symbol font `letters' in version `normal'
(Font)                  OML/cmm/m/it --> LS1/stix/m/it on input line 76.
LaTeX Font Info:    Encoding `OML' has changed to `LS1' for symbol font
(Font)              `letters' in the math version `bold' on input line 76.
LaTeX Font Info:    Overwriting symbol font `letters' in version `bold'
(Font)                  OML/cmm/b/it --> LS1/stix/m/it on input line 76.
LaTeX Font Info:    Redeclaring symbol font `operators' on input line 77.
LaTeX Font Info:    Encoding `OT1' has changed to `LS1' for symbol font
(Font)              `operators' in the math version `normal' on input line 77.
LaTeX Font Info:    Overwriting symbol font `operators' in version `normal'
(Font)                  OT1/cmr/m/n --> LS1/stix/m/n on input line 77.
LaTeX Font Info:    Encoding `OT1' has changed to `LS1' for symbol font
(Font)              `operators' in the math version `bold' on input line 77.
LaTeX Font Info:    Overwriting symbol font `operators' in version `bold'
(Font)                  OT1/cmr/bx/n --> LS1/stix/m/n on input line 77.
\symbold-operators=\mathgroup6
LaTeX Font Info:    Redeclaring symbol font `symbols' on input line 79.
LaTeX Font Info:    Encoding `OMS' has changed to `LS1' for symbol font
(Font)              `symbols' in the math version `normal' on input line 79.
LaTeX Font Info:    Overwriting symbol font `symbols' in version `normal'
(Font)                  OMS/cmsy/m/n --> LS1/stixscr/m/n on input line 79.
LaTeX Font Info:    Encoding `OMS' has changed to `LS1' for symbol font
(Font)              `symbols' in the math version `bold' on input line 79.
LaTeX Font Info:    Overwriting symbol font `symbols' in version `bold'
(Font)                  OMS/cmsy/b/n --> LS1/stixscr/m/n on input line 79.
\symsymbols2=\mathgroup7
\symsymbols3=\mathgroup8
\symsymbols4=\mathgroup9
\symintegrals=\mathgroup10
LaTeX Font Info:    Redeclaring symbol font `largesymbols' on input line 84.
LaTeX Font Info:    Encoding `OMX' has changed to `LS2' for symbol font
(Font)              `largesymbols' in the math version `normal' on input line 8
4.
LaTeX Font Info:    Overwriting symbol font `largesymbols' in version `normal'
(Font)                  OMX/cmex/m/n --> LS2/stixex/m/n on input line 84.
LaTeX Font Info:    Encoding `OMX' has changed to `LS2' for symbol font
(Font)              `largesymbols' in the math version `bold' on input line 84.

LaTeX Font Info:    Overwriting symbol font `largesymbols' in version `bold'
(Font)                  OMX/cmex/m/n --> LS2/stixex/m/n on input line 84.
\symarrows1=\mathgroup11
\symarrows2=\mathgroup12
\symarrows3=\mathgroup13
LaTeX Font Info:    Overwriting symbol font `letters' in version `bold'
(Font)                  LS1/stix/m/it --> LS1/stix/b/it on input line 88.
LaTeX Font Info:    Overwriting symbol font `operators' in version `bold'
(Font)                  LS1/stix/m/n --> LS1/stix/b/n on input line 89.
LaTeX Font Info:    Overwriting symbol font `symbols' in version `bold'
(Font)                  LS1/stixscr/m/n --> LS1/stixscr/b/n on input line 90.
LaTeX Font Info:    Overwriting symbol font `symbols2' in version `bold'
(Font)                  LS1/stixfrak/m/n --> LS1/stixfrak/b/n on input line 91.

LaTeX Font Info:    Overwriting symbol font `symbols3' in version `bold'
(Font)                  LS1/stixbb/m/n --> LS1/stixbb/b/n on input line 92.
LaTeX Font Info:    Overwriting symbol font `symbols4' in version `bold'
(Font)                  LS1/stixbb/m/it --> LS1/stixbb/b/it on input line 93.
LaTeX Font Info:    Overwriting symbol font `integrals' in version `bold'
(Font)                  LS2/stixcal/m/n --> LS2/stixcal/b/n on input line 94.
LaTeX Font Info:    Overwriting symbol font `largesymbols' in version `bold'
(Font)                  LS2/stixex/m/n --> LS2/stixex/b/n on input line 95.
LaTeX Font Info:    Overwriting symbol font `arrows1' in version `bold'
(Font)                  LS1/stixsf/m/n --> LS1/stixsf/b/n on input line 96.
LaTeX Font Info:    Overwriting symbol font `arrows2' in version `bold'
(Font)                  LS1/stixsf/m/it --> LS1/stixsf/b/it on input line 97.
LaTeX Font Info:    Overwriting symbol font `arrows3' in version `bold'
(Font)                  LS2/stixtt/m/n --> LS2/stixtt/b/n on input line 98.
LaTeX Font Info:    Redeclaring math alphabet \mathit on input line 99.
LaTeX Font Info:    Redeclaring math alphabet \mathfrak on input line 102.
LaTeX Font Info:    Redeclaring math alphabet \mathsf on input line 106.
LaTeX Font Info:    Redeclaring math alphabet \mathtt on input line 108.
LaTeX Font Info:    Redeclaring math alphabet \mathbf on input line 109.
LaTeX Info: Redefining \yen on input line 456.
LaTeX Info: Redefining \circledR on input line 458.
LaTeX Info: Redefining \checkmark on input line 460.
LaTeX Info: Redefining \maltese on input line 461.
LaTeX Font Info:    Redeclaring math accent \grave on input line 698.
LaTeX Font Info:    Redeclaring math accent \acute on input line 699.
LaTeX Font Info:    Redeclaring math accent \hat on input line 700.
LaTeX Font Info:    Redeclaring math accent \tilde on input line 701.
LaTeX Font Info:    Redeclaring math accent \bar on input line 702.
LaTeX Font Info:    Redeclaring math accent \breve on input line 703.
LaTeX Font Info:    Redeclaring math accent \dot on input line 704.
LaTeX Font Info:    Redeclaring math accent \ddot on input line 705.
LaTeX Font Info:    Redeclaring math accent \mathring on input line 707.
LaTeX Font Info:    Redeclaring math accent \check on input line 708.
LaTeX Font Info:    Redeclaring math accent \vec on input line 716.
LaTeX Font Info:    Redeclaring math accent \widehat on input line 728.
LaTeX Font Info:    Redeclaring math accent \widetilde on input line 729.
LaTeX Info: Redefining \vdots on input line 1518.
LaTeX Info: Redefining \cdots on input line 1522.
LaTeX Font Info:    Redeclaring math symbol \mathsterling on input line 1978.
LaTeX Info: Redefining \not on input line 2144.
)
(/home/linuxbrew/.linuxbrew/Cellar/texlive/20250308_1/share/texmf-dist/tex/late
x/inconsolata/inconsolata.sty
Package: inconsolata 2019/05/17 v1.12

`inconsolata-zi4' v1.12, 2019/05/17 Text macros for Inconsolata (msharpe)
(/home/linuxbrew/.linuxbrew/Cellar/texlive/20250308_1/share/texmf-dist/tex/late
x/xkeyval/xkeyval.sty
Package: xkeyval 2022/06/16 v2.9 package option processing (HA)

(/home/linuxbrew/.linuxbrew/Cellar/texlive/20250308_1/share/texmf-dist/tex/gene
ric/xkeyval/xkeyval.tex
(/home/linuxbrew/.linuxbrew/Cellar/texlive/20250308_1/share/texmf-dist/tex/gene
ric/xkeyval/xkvutils.tex
\XKV@toks=\toks32
\XKV@tempa@toks=\toks33
)
\XKV@depth=\count337
File: xkeyval.tex 2014/12/03 v2.7a key=value parser (HA)
))
\zifour@ocount=\count338
)
(/home/linuxbrew/.linuxbrew/Cellar/texlive/20250308_1/share/texmf-dist/tex/late
x/geometry/geometry.sty
Package: geometry 2020/01/02 v5.9 Page Geometry

(/home/linuxbrew/.linuxbrew/Cellar/texlive/20250308_1/share/texmf-dist/tex/gene
ric/iftex/ifvtex.sty
Package: ifvtex 2019/10/25 v1.7 ifvtex legacy package. Use iftex instead.
)
\Gm@cnth=\count339
\Gm@cntv=\count340
\c@Gm@tempcnt=\count341
\Gm@bindingoffset=\dimen258
\Gm@wd@mp=\dimen259
\Gm@odd@mp=\dimen260
\Gm@even@mp=\dimen261
\Gm@layoutwidth=\dimen262
\Gm@layoutheight=\dimen263
\Gm@layouthoffset=\dimen264
\Gm@layoutvoffset=\dimen265
\Gm@dimlist=\toks34
))
(/home/linuxbrew/.linuxbrew/Cellar/texlive/20250308_1/share/texmf-dist/tex/late
x/natbib/natbib.sty
Package: natbib 2010/09/13 8.31b (PWD, AO)
\bibhang=\skip71
\bibsep=\skip72
LaTeX Info: Redefining \cite on input line 694.
\c@NAT@ctr=\count342
)
(/home/linuxbrew/.linuxbrew/Cellar/texlive/20250308_1/share/texmf-dist/tex/late
x/needspace/needspace.sty
Package: needspace 2010/09/12 v1.3d reserve vertical space
)
(/home/linuxbrew/.linuxbrew/Cellar/texlive/20250308_1/share/texmf-dist/tex/late
x/placeins/placeins.sty
Package: placeins 2005/04/18  v 2.2
)
(/home/linuxbrew/.linuxbrew/Cellar/texlive/20250308_1/share/texmf-dist/tex/late
x/lastpage/lastpage.sty
Package: lastpage 2025/01/27 v2.1e lastpage: 2.09 or 2e? (HMM)

(/home/linuxbrew/.linuxbrew/Cellar/texlive/20250308_1/share/texmf-dist/tex/late
x/lastpage/lastpage2e.sty
Package: lastpage2e 2025/01/27 v2.1e Decide which 2e lastpage version to use (H
MM)

(/home/linuxbrew/.linuxbrew/Cellar/texlive/20250308_1/share/texmf-dist/tex/late
x/lastpage/lastpagemodern.sty
Package: lastpagemodern 2025-01-27 v2.1e Refers to last page's name (HMM; JPG)
\c@lastpagecount=\count343
) 
))

Package hyperref Warning: Option `hyperfootnotes' has already been used,
(hyperref)                setting the option has no effect on input line 14.

LaTeX Font Info:    Trying to load font information for T1+stix on input line 1
6.

(/home/linuxbrew/.linuxbrew/Cellar/texlive/20250308_1/share/texmf-dist/tex/late
x/stix/t1stix.fd
File: t1stix.fd 2015/04/17 v1.1.2-latex STIX T1 font definitions
) (./main.aux)
\openout1 = `main.aux'.

LaTeX Font Info:    Checking defaults for OML/cmm/m/it on input line 16.
LaTeX Font Info:    ... okay on input line 16.
LaTeX Font Info:    Checking defaults for OMS/cmsy/m/n on input line 16.
LaTeX Font Info:    ... okay on input line 16.
LaTeX Font Info:    Checking defaults for OT1/cmr/m/n on input line 16.
LaTeX Font Info:    ... okay on input line 16.
LaTeX Font Info:    Checking defaults for T1/cmr/m/n on input line 16.
LaTeX Font Info:    ... okay on input line 16.
LaTeX Font Info:    Checking defaults for TS1/cmr/m/n on input line 16.
LaTeX Font Info:    ... okay on input line 16.
LaTeX Font Info:    Checking defaults for OMX/cmex/m/n on input line 16.
LaTeX Font Info:    ... okay on input line 16.
LaTeX Font Info:    Checking defaults for U/cmr/m/n on input line 16.
LaTeX Font Info:    ... okay on input line 16.
LaTeX Font Info:    Checking defaults for PD1/pdf/m/n on input line 16.
LaTeX Font Info:    ... okay on input line 16.
LaTeX Font Info:    Checking defaults for PU/pdf/m/n on input line 16.
LaTeX Font Info:    ... okay on input line 16.
LaTeX Font Info:    Checking defaults for LS1/stix/m/n on input line 16.
LaTeX Font Info:    Trying to load font information for LS1+stix on input line 
16.

(/home/linuxbrew/.linuxbrew/Cellar/texlive/20250308_1/share/texmf-dist/tex/late
x/stix/ls1stix.fd
File: ls1stix.fd 2015/04/17 v1.1.2-latex STIX LS1 font definitions
)
LaTeX Font Info:    ... okay on input line 16.
LaTeX Font Info:    Checking defaults for LS2/stix/m/n on input line 16.
LaTeX Font Info:    Trying to load font information for LS2+stix on input line 
16.

(/home/linuxbrew/.linuxbrew/Cellar/texlive/20250308_1/share/texmf-dist/tex/late
x/stix/ls2stix.fd
File: ls2stix.fd 2015/04/17 v1.1.2-latex STIX LS2 font definitions
)
LaTeX Font Info:    ... okay on input line 16.

(/home/linuxbrew/.linuxbrew/Cellar/texlive/20250308_1/share/texmf-dist/tex/cont
ext/base/mkii/supp-pdf.mkii
[Loading MPS to PDF converter (version 2006.09.02).]
\scratchcounter=\count344
\scratchdimen=\dimen266
\scratchbox=\box66
\nofMPsegments=\count345
\nofMParguments=\count346
\everyMPshowfont=\toks35
\MPscratchCnt=\count347
\MPscratchDim=\dimen267
\MPnumerator=\count348
\makeMPintoPDFobject=\count349
\everyMPtoPDFconversion=\toks36
)
(/home/linuxbrew/.linuxbrew/Cellar/texlive/20250308_1/share/texmf-dist/tex/late
x/epstopdf-pkg/epstopdf-base.sty
Package: epstopdf-base 2020-01-24 v2.11 Base part for package epstopdf
Package epstopdf-base Info: Redefining graphics rule for `.eps' on input line 4
85.

(/home/linuxbrew/.linuxbrew/Cellar/texlive/20250308_1/share/texmf-dist/tex/late
x/latexconfig/epstopdf-sys.cfg
File: epstopdf-sys.cfg 2010/07/13 v1.3 Configuration of (r)epstopdf for TeX Liv
e
))
LaTeX Info: Command `\dddot' is already robust on input line 16.
LaTeX Info: Command `\ddddot' is already robust on input line 16.
Package hyperref Info: Link coloring ON on input line 16.
 (./main.out) (./main.out)
\@outlinefile=\write3
\openout3 = `main.out'.


(/home/linuxbrew/.linuxbrew/Cellar/texlive/20250308_1/share/texmf-dist/tex/late
x/upquote/upquote.sty
Package: upquote 2012/04/19 v1.3 upright-quote and grave-accent glyphs in verba
tim
)
*geometry* driver: auto-detecting
*geometry* detected driver: pdftex
*geometry* verbose mode - [ preamble ] result:
* driver: pdftex
* paper: custom
* layout: <same size as paper>
* layoutoffset:(h,v)=(0.0pt,0.0pt)
* modes: 
* h-part:(L,W,R)=(51.4995pt, 494.50888pt, 51.4995pt)
* v-part:(T,H,B)=(55.48286pt, 689.4103pt, 51.784pt)
* \paperwidth=597.50787pt
* \paperheight=796.67715pt
* \textwidth=494.50888pt
* \textheight=689.4103pt
* \oddsidemargin=-20.7705pt
* \evensidemargin=-20.7705pt
* \topmargin=-40.78712pt
* \headheight=12.0pt
* \headsep=12.0pt
* \topskip=10.0pt
* \footskip=12.0pt
* \marginparwidth=57.0pt
* \marginparsep=11.0pt
* \columnsep=18.0pt
* \skip\footins=9.0pt plus 4.0pt minus 2.0pt
* \hoffset=0.0pt
* \voffset=0.0pt
* \mag=1000
* \@twocolumnfalse
* \@twosidefalse
* \@mparswitchfalse
* \@reversemarginfalse
* (1in=72.27pt=25.4mm, 1cm=28.453pt)

(./sections/abstract.tex
\verbatim@out=\write4
\openout4 = `main.abs'.

)
LaTeX Font Info:    Trying to load font information for LS1+stixscr on input li
ne 64.

(/home/linuxbrew/.linuxbrew/Cellar/texlive/20250308_1/share/texmf-dist/tex/late
x/stix/ls1stixscr.fd
File: ls1stixscr.fd 2015/04/17 v1.1.2-latex STIX script LS1 font definitions
)
LaTeX Font Info:    Trying to load font information for LS2+stixex on input lin
e 64.

(/home/linuxbrew/.linuxbrew/Cellar/texlive/20250308_1/share/texmf-dist/tex/late
x/stix/ls2stixex.fd
File: ls2stixex.fd 2015/04/17 v1.1.2-latex STIX extentions LS2 font definitions

)
LaTeX Font Info:    Trying to load font information for U+msa on input line 64.


(/home/linuxbrew/.linuxbrew/Cellar/texlive/20250308_1/share/texmf-dist/tex/late
x/amsfonts/umsa.fd
File: umsa.fd 2013/01/14 v3.01 AMS symbols A
)
LaTeX Font Info:    Trying to load font information for U+msb on input line 64.


(/home/linuxbrew/.linuxbrew/Cellar/texlive/20250308_1/share/texmf-dist/tex/late
x/amsfonts/umsb.fd
File: umsb.fd 2013/01/14 v3.01 AMS symbols B
)
LaTeX Font Info:    Trying to load font information for LS1+stixfrak on input l
ine 64.

(/home/linuxbrew/.linuxbrew/Cellar/texlive/20250308_1/share/texmf-dist/tex/late
x/stix/ls1stixfrak.fd
File: ls1stixfrak.fd 2015/04/17 v1.1.2-latex STIX fraktur LS1 font definitions
)
LaTeX Font Info:    Trying to load font information for LS1+stixbb on input lin
e 64.

(/home/linuxbrew/.linuxbrew/Cellar/texlive/20250308_1/share/texmf-dist/tex/late
x/stix/ls1stixbb.fd
File: ls1stixbb.fd 2015/04/17 v1.1.2-latex STIX blackboard LS1 font definitions

)
LaTeX Font Info:    Trying to load font information for LS2+stixcal on input li
ne 64.

(/home/linuxbrew/.linuxbrew/Cellar/texlive/20250308_1/share/texmf-dist/tex/late
x/stix/ls2stixcal.fd
File: ls2stixcal.fd 2015/04/17 v1.1.2-latex STIX calligraphic LS2 font definiti
ons
)
LaTeX Font Info:    Trying to load font information for LS1+stixsf on input lin
e 64.

(/home/linuxbrew/.linuxbrew/Cellar/texlive/20250308_1/share/texmf-dist/tex/late
x/stix/ls1stixsf.fd
File: ls1stixsf.fd 2015/04/17 v1.1.2-latex STIX sans-serif LS1 font definitions

)
LaTeX Font Info:    Trying to load font information for LS2+stixtt on input lin
e 64.

(/home/linuxbrew/.linuxbrew/Cellar/texlive/20250308_1/share/texmf-dist/tex/late
x/stix/ls2stixtt.fd
File: ls2stixtt.fd 2015/04/17 v1.1.2-latex STIX typewriter LS2 font definitions

)
Overfull \hbox (123.62721pt too wide) detected at line 64
[]
 []

(./main.abs)

Package hyperref Warning: Ignoring empty anchor on input line 64.


Package hyperref Warning: Ignoring empty anchor on input line 64.

<thumbnails/cas-email.jpeg, id=4, 225.84375pt x 225.84375pt>
File: thumbnails/cas-email.jpeg Graphic file (type jpg)
<use thumbnails/cas-email.jpeg>
Package pdftex.def Info: thumbnails/cas-email.jpeg  used on input line 64.
(pdftex.def)             Requested size: 7.99838pt x 8.0pt.
LaTeX Font Info:    Trying to load font information for T1+zi4 on input line 64
.

(/home/linuxbrew/.linuxbrew/Cellar/texlive/20250308_1/share/texmf-dist/tex/late
x/inconsolata/t1zi4.fd
File: t1zi4.fd 2018/01/14 T1/zi4 (Inconsolata)
)
LaTeX Font Info:    Font shape `T1/zi4/m/n' will be
(Font)              scaled to size 6.80005pt on input line 64.
 (./sections/introduction.tex
Underfull \hbox (badness 1430) in paragraph at lines 4--5
\T1/stix/m/n/10 style meth-ods and Anoma-ly-DINO [[], []]. Al-ter-na-tively,
 []





[1{/home/linuxbrew/.linuxbrew/Cellar/texlive/20250308_1/share/texmf-dist/fonts/
map/pdftex/updmap/pdftex.map}{/home/linuxbrew/.linuxbrew/Cellar/texlive/2025030
8_1/share/texmf-dist/fonts/enc/dvips/stix/stix-t1.enc}


{/home/linuxbrew/.linuxbrew/Cellar/texlive/20250308_1/share/texmf-dist/fonts/en
c/dvips/inconsolata/i4-t1-0.enc}{/home/linuxbrew/.linuxbrew/Cellar/texlive/2025
0308_1/share/texmf-dist/fonts/enc/dvips/cm-super/cm-super-t1.enc} <./thumbnails
/cas-email.jpeg>]
LaTeX Font Info:    Trying to load font information for TS1+stix on input line 
14.

(/home/linuxbrew/.linuxbrew/Cellar/texlive/20250308_1/share/texmf-dist/tex/late
x/stix/ts1stix.fd
File: ts1stix.fd 2015/04/17 v1.1.2-latex STIX TS1 font definitions
)
Underfull \hbox (badness 1371) in paragraph at lines 14--15
\T1/stix/m/n/10 alarms ex-plicit through an attainable-alpha anal-y-
 []


Underfull \hbox (badness 1776) in paragraph at lines 14--15
\T1/stix/m/n/10 shift---conservative on VisA, anti-conservative on
 []


Underfull \hbox (badness 2582) in paragraph at lines 16--17
\T1/stix/m/n/10 layer pro-vides Vector/Shift-Aware cal-i-bra-tion and
 []


Underfull \hbox (badness 1024) in paragraph at lines 16--17
\T1/stix/m/n/10 LOIO low-ers ECE against most tested cal-i-bra-tors
 []


Overfull \hbox (0.75722pt too wide) in paragraph at lines 17--18
[]\T1/stix/m/n/10 We re-port accuracy-storage, trans-fer cal-i-bra-tion, pixel-

 []


Underfull \hbox (badness 1163) in paragraph at lines 17--18
\T1/stix/m/n/10 over-claim-ing. The frame-work is not MVTec AU-
 []


Overfull \hbox (15.21553pt too wide) in paragraph at lines 17--18
\T1/stix/m/n/10 conformal-derived scores is strongly prevalence-sensitive,
 []



) (./sections/related_work.tex
Overfull \hbox (0.25468pt too wide) in paragraph at lines 3--4
[]\T1/stix/m/n/10 Classical in-dus-trial AD of-ten as-sumes normal-only train-
 []


Underfull \hbox (badness 1400) in paragraph at lines 6--7
[]\T1/stix/m/n/10 Subspace ap-proaches re-place ex-plicit patch re-trieval
 []



[2{/home/linuxbrew/.linuxbrew/Cellar/texlive/20250308_1/share/texmf-dist/fonts/
enc/dvips/stix/stix-ts1.enc}]) (./sections/method.tex
Underfull \hbox (badness 1264) in paragraph at lines 12--1
[]\T1/stix/m/n/10 Conformal pre-dic-tion con-verts non-con-for-mity scores
 []


Overfull \hbox (3.8755pt too wide) in paragraph at lines 12--1
\T1/stix/m/n/10 with res-o-lu-tion and effective-sample-size anal-y-ses ex-ists
 [[]],
 []


Underfull \hbox (badness 1939) in paragraph at lines 12--1
\T1/stix/m/n/10 fixed LOIO con-for-mal re-li-a-bil-ity. Learned or weighted
 []



<figures/fig_pipeline.pdf, id=91, 454.502pt x 292.65335pt>
File: figures/fig_pipeline.pdf Graphic file (type pdf)
<use figures/fig_pipeline.pdf>
Package pdftex.def Info: figures/fig_pipeline.pdf  used on input line 7.
(pdftex.def)             Requested size: 494.50888pt x 318.41422pt.
LaTeX Font Info:    Font shape `T1/zi4/m/n' will be
(Font)              scaled to size 8.50006pt on input line 34.


[3]



[4 <./figures/fig_pipeline.pdf>]
Overfull \hbox (2.09554pt too wide) in paragraph at lines 57--58
[]\T1/stix/m/n/10 The attainable-alpha floor mo-ti-vates the pro-posed source-
 []


Underfull \hbox (badness 1019) in paragraph at lines 57--58
\T1/stix/m/n/10 CRESS uses them with-out tar-get anomaly la-bels. First,
 []


Underfull \hbox (badness 1609) in paragraph at lines 57--58
\T1/stix/m/n/10 re-quired. Clean-source al-ways uses clean nor-mals. The
 []




Underfull \hbox (badness 2573) in paragraph at lines 68--69
\T1/stix/m/n/10 Clopper--Pearson con-struc-tion or Ho-effd-ing's in-equal-ity
 []



[5] (./tables/tab_certificate_feasibility.tex)

) (./sections/experiments.tex

[6]
Overfull \hbox (2.14471pt too wide) in paragraph at lines 9--10
[]\T1/stix/m/n/10 CRESS de-notes only the pro-posed cross-category source-
 []


Underfull \hbox (badness 1137) in paragraph at lines 9--10
\T1/stix/m/n/10 assisted pro-ce-dure, not the frozen ranker or the target-
 []


Underfull \hbox (badness 1132) in paragraph at lines 9--10
\T1/stix/m/n/10 fied by their re-tained sub-space di-men-sion, PCA64 (de-
 []



) (./sections/results.tex
Underfull \hbox (badness 1546) in paragraph at lines 18--1
\T1/stix/m/n/10 GPU with Py-Torch 2.12.1 and DI-NOv2 patch fea-tures
 []

(./tables/tab_clean_efficiency.tex)

[7]
Underfull \hbox (badness 1112) in paragraph at lines 7--8
\T1/stix/m/n/10 is a de-scrip-tive accuracy--storage ab-la-tion rather than a
 []


Underfull \hbox (badness 1259) in paragraph at lines 7--8
\T1/stix/m/n/10 duc-tions. Bold-face in Ta-ble [][]2[][] is there-fore re-stric
ted to
 []





[8] (./tables/tab_attainable_alpha.tex) (./tables/tab_false_alarm_control.tex)

(./tables/tab_strict_nested_sc3r.tex) (./tables/tab_visa_full_conformal.tex

[9])

<figures/fig_reliability.pdf, id=295, 404.712pt x 187.902pt>
File: figures/fig_reliability.pdf Graphic file (type pdf)
<use figures/fig_reliability.pdf>
Package pdftex.def Info: figures/fig_reliability.pdf  used on input line 36.
(pdftex.def)             Requested size: 238.25444pt x 110.61751pt.
<figures/fig_ece_by_corruption.pdf, id=296, 427.59702pt x 360.31792pt>
File: figures/fig_ece_by_corruption.pdf Graphic file (type pdf)
<use figures/fig_ece_by_corruption.pdf>
Package pdftex.def Info: figures/fig_ece_by_corruption.pdf  used on input line 
43.
(pdftex.def)             Requested size: 494.50888pt x 416.69904pt.


[10]
<figures/fig_uniformity_cdf.pdf, id=310, 413.14302pt x 348.10002pt>
File: figures/fig_uniformity_cdf.pdf Graphic file (type pdf)
<use figures/fig_uniformity_cdf.pdf>
Package pdftex.def Info: figures/fig_uniformity_cdf.pdf  used on input line 53.

(pdftex.def)             Requested size: 454.94725pt x 383.33612pt.



Underfull \hbox (badness 1142) in paragraph at lines 60--61
\T1/stix/m/n/10 when rank-ing re-mains fixed. On the full VisA dataset,
 []



[11 <./figures/fig_reliability.pdf>]
<figures/fig_risk_coverage.pdf, id=351, 250.50882pt x 185.74077pt>
File: figures/fig_risk_coverage.pdf Graphic file (type pdf)
<use figures/fig_risk_coverage.pdf>
Package pdftex.def Info: figures/fig_risk_coverage.pdf  used on input line 74.
(pdftex.def)             Requested size: 238.25444pt x 176.65962pt.


) (./sections/limitations.tex

[12 <./figures/fig_ece_by_corruption.pdf>]

) (./sections/conclusion.tex
Underfull \hbox (badness 1264) in paragraph at lines 2--3
\T1/stix/m/n/10 storage anomaly rank-ing and few-shot alarm re-li-a-bil-ity,
 []


Underfull \hbox (badness 1005) in paragraph at lines 2--3
\T1/stix/m/n/10 pro-ce-dure. A target-only alarm built from $\LS1/stix/m/it/10 
k$ \T1/stix/m/n/10 cal-i-bra-tion
 []


Underfull \hbox (badness 1515) in paragraph at lines 2--3
\T1/stix/m/n/10 Source nor-mals can pro-duce use-ful sub-floor em-pir-i-cal
 []



[13 <./figures/fig_uniformity_cdf.pdf>]) (./sections/declarations.tex
Overfull \hbox (9.12547pt too wide) in paragraph at lines 4--3
[]\T1/stix/m/n/10 Future work should pri-or-i-tize category-rich source archive
s
 []


Overfull \hbox (0.40811pt too wide) in paragraph at lines 11--12
\T1/stix/m/n/10 licly avail-able: MVTec AD ([][]$\T1/zi4/m/n/10 https : / / www
 . mvtec . com / company /
 []


Overfull \hbox (0.5161pt too wide) in paragraph at lines 11--12
\T1/zi4/m/n/10 research / datasets / mvtec-[]ad$[][]\T1/stix/m/n/10 ) and VisA 
([][]$\T1/zi4/m/n/10 https : / / github . com /
 []



) (./sections/appendix.tex (./tables/tab_visa_ece_by_corruption.tex)
(./tables/tab_scalar_calibrators.tex) (./tables/tab_sc3r_source_validated.tex)
(./tables/tab_sc3r_k8.tex) (./tables/tab_randomized_pvalue.tex)
(./tables/tab_sc3r_visa.tex) (./tables/tab_protocol_routing.tex)
(./tables/tab_pixel_and_diagnostics.tex) (./tables/tab_agg_ablation.tex)
(./tables/tab_prior_work_positioning.tex)) (./main.bbl
Underfull \hbox (badness 1377) in paragraph at lines 9--10
\T1/stix/m/n/8 V. Khali-dov, P. Fer-nan-dez, D. Haz-iza, F. Massa, A. El-Nouby,

 []



[14 <./figures/fig_risk_coverage.pdf>]



[15]



[16]

)

[17] [18] 
enddocument/afterlastpage (AED): lastpage setting LastPage.
(./main.aux)
 ***********
LaTeX2e <2024-11-01> patch level 2
L3 programming layer <2025-01-18>
 ***********
Package rerunfilecheck Info: File `main.out' has not changed.
(rerunfilecheck)             Checksum: D41D8CD98F00B204E9800998ECF8427E;0.
 ) 
Here is how much of TeX's memory you used:
 17437 strings out of 473190
 277796 string characters out of 5697561
 721565 words of memory out of 5000000
 40183 multiletter control sequences out of 15000+600000
 652578 words of font info for 159 fonts, out of 8000000 for 9000
 1141 hyphenation exceptions out of 8191
 90i,13n,93p,1990b,664s stack positions out of 10000i,1000n,20000p,200000b,200000s
</home/linuxbrew/.linuxbrew/Cellar/texlive/20250308_1/share/texmf-dist/fonts/
type1/public/inconsolata/Inconsolata-zi4r.pfb></home/linuxbrew/.linuxbrew/Cella
r/texlive/20250308_1/share/texmf-dist/fonts/type1/public/stix/STIXGeneral-Bold.
pfb></home/linuxbrew/.linuxbrew/Cellar/texlive/20250308_1/share/texmf-dist/font
s/type1/public/stix/STIXGeneral-Italic.pfb></home/linuxbrew/.linuxbrew/Cellar/t
exlive/20250308_1/share/texmf-dist/fonts/type1/public/stix/STIXGeneral-Regular.
pfb></home/linuxbrew/.linuxbrew/Cellar/texlive/20250308_1/share/texmf-dist/font
s/type1/public/amsfonts/cm/cmbx7.pfb></home/linuxbrew/.linuxbrew/Cellar/texlive
/20250308_1/share/texmf-dist/fonts/type1/public/amsfonts/cm/cmmi5.pfb></home/li
nuxbrew/.linuxbrew/Cellar/texlive/20250308_1/share/texmf-dist/fonts/type1/publi
c/amsfonts/cm/cmmi6.pfb></home/linuxbrew/.linuxbrew/Cellar/texlive/20250308_1/s
hare/texmf-dist/fonts/type1/public/amsfonts/cm/cmmi7.pfb></home/linuxbrew/.linu
xbrew/Cellar/texlive/20250308_1/share/texmf-dist/fonts/type1/public/amsfonts/cm
/cmmi8.pfb></home/linuxbrew/.linuxbrew/Cellar/texlive/20250308_1/share/texmf-di
st/fonts/type1/public/amsfonts/cm/cmr5.pfb></home/linuxbrew/.linuxbrew/Cellar/t
exlive/20250308_1/share/texmf-dist/fonts/type1/public/amsfonts/cm/cmr6.pfb></ho
me/linuxbrew/.linuxbrew/Cellar/texlive/20250308_1/share/texmf-dist/fonts/type1/
public/amsfonts/cm/cmr7.pfb></home/linuxbrew/.linuxbrew/Cellar/texlive/20250308
_1/share/texmf-dist/fonts/type1/public/amsfonts/cm/cmr8.pfb></home/linuxbrew/.l
inuxbrew/Cellar/texlive/20250308_1/share/texmf-dist/fonts/type1/public/amsfonts
/cm/cmsy7.pfb></home/linuxbrew/.linuxbrew/Cellar/texlive/20250308_1/share/texmf
-dist/fonts/type1/public/amsfonts/cm/cmsy8.pfb></home/linuxbrew/.linuxbrew/Cell
ar/texlive/20250308_1/share/texmf-dist/fonts/type1/public/cm-super/sfsi0800.pfb
></home/linuxbrew/.linuxbrew/Cellar/texlive/20250308_1/share/texmf-dist/fonts/t
ype1/public/cm-super/sfsi0900.pfb></home/linuxbrew/.linuxbrew/Cellar/texlive/20
250308_1/share/texmf-dist/fonts/type1/public/cm-super/sfss0800.pfb></home/linux
brew/.linuxbrew/Cellar/texlive/20250308_1/share/texmf-dist/fonts/type1/public/c
m-super/sfss0900.pfb></home/linuxbrew/.linuxbrew/Cellar/texlive/20250308_1/shar
e/texmf-dist/fonts/type1/public/cm-super/sfsx0800.pfb></home/linuxbrew/.linuxbr
ew/Cellar/texlive/20250308_1/share/texmf-dist/fonts/type1/public/cm-super/sfsx0
900.pfb></home/linuxbrew/.linuxbrew/Cellar/texlive/20250308_1/share/texmf-dist/
fonts/type1/public/stix/stix-mathbb.pfb></home/linuxbrew/.linuxbrew/Cellar/texl
ive/20250308_1/share/texmf-dist/fonts/type1/public/stix/stix-mathcal.pfb></home
/linuxbrew/.linuxbrew/Cellar/texlive/20250308_1/share/texmf-dist/fonts/type1/pu
blic/stix/stix-mathex.pfb></home/linuxbrew/.linuxbrew/Cellar/texlive/20250308_1
/share/texmf-dist/fonts/type1/public/stix/stix-mathfrak.pfb></home/linuxbrew/.l
inuxbrew/Cellar/texlive/20250308_1/share/texmf-dist/fonts/type1/public/stix/sti
x-mathit.pfb></home/linuxbrew/.linuxbrew/Cellar/texlive/20250308_1/share/texmf-
dist/fonts/type1/public/stix/stix-mathrm-bold.pfb></home/linuxbrew/.linuxbrew/C
ellar/texlive/20250308_1/share/texmf-dist/fonts/type1/public/stix/stix-mathrm.p
fb></home/linuxbrew/.linuxbrew/Cellar/texlive/20250308_1/share/texmf-dist/fonts
/type1/public/stix/stix-mathscr.pfb></home/linuxbrew/.linuxbrew/Cellar/texlive/
20250308_1/share/texmf-dist/fonts/type1/public/stix/stix-mathsf.pfb>
Output written on main.pdf (18 pages, 620659 bytes).
PDF statistics:
 630 PDF objects out of 1000 (max. 8388607)
 479 compressed objects within 5 object streams
 124 named destinations out of 1000 (max. 500000)
 31 words of extra memory for PDF output out of 10000 (max. 10000000)

